Startpoint: _73712_ (rising edge-triggered flip-flop clocked by clk)
Endpoint: _71269_ (rising edge-triggered flip-flop clocked by clk)
Path Group: clk
Path Type: min

    Delay      Time   Description
-------------------------------------------------------------
   0.0000    0.0000   clock clk (rise edge)
   0.0000    0.0000   clock network delay (ideal)
   0.0000    0.0000 ^ _73712_/CLK (sky130_fd_sc_hd__dfrtp_1)
   0.3251    0.3251 ^ _73712_/Q (sky130_fd_sc_hd__dfrtp_1)
   0.0000    0.3251 ^ _71269_/D (sky130_fd_sc_hd__dfxtp_1)
             0.3251   data arrival time

   0.0000    0.0000   clock clk (rise edge)
   0.0000    0.0000   clock network delay (ideal)
   0.0000    0.0000   clock reconvergence pessimism
             0.0000 ^ _71269_/CLK (sky130_fd_sc_hd__dfxtp_1)
  -0.0225   -0.0225   library hold time
            -0.0225   data required time
-------------------------------------------------------------
            -0.0225   data required time
            -0.3251   data arrival time
-------------------------------------------------------------
             0.3477   slack (MET)


Startpoint: _73713_ (rising edge-triggered flip-flop clocked by clk)
Endpoint: _71270_ (rising edge-triggered flip-flop clocked by clk)
Path Group: clk
Path Type: min

    Delay      Time   Description
-------------------------------------------------------------
   0.0000    0.0000   clock clk (rise edge)
   0.0000    0.0000   clock network delay (ideal)
   0.0000    0.0000 ^ _73713_/CLK (sky130_fd_sc_hd__dfrtp_1)
   0.3251    0.3251 ^ _73713_/Q (sky130_fd_sc_hd__dfrtp_1)
   0.0000    0.3251 ^ _71270_/D (sky130_fd_sc_hd__dfxtp_1)
             0.3251   data arrival time

   0.0000    0.0000   clock clk (rise edge)
   0.0000    0.0000   clock network delay (ideal)
   0.0000    0.0000   clock reconvergence pessimism
             0.0000 ^ _71270_/CLK (sky130_fd_sc_hd__dfxtp_1)
  -0.0225   -0.0225   library hold time
            -0.0225   data required time
-------------------------------------------------------------
            -0.0225   data required time
            -0.3251   data arrival time
-------------------------------------------------------------
             0.3477   slack (MET)


Startpoint: _73714_ (rising edge-triggered flip-flop clocked by clk)
Endpoint: _71271_ (rising edge-triggered flip-flop clocked by clk)
Path Group: clk
Path Type: min

    Delay      Time   Description
-------------------------------------------------------------
   0.0000    0.0000   clock clk (rise edge)
   0.0000    0.0000   clock network delay (ideal)
   0.0000    0.0000 ^ _73714_/CLK (sky130_fd_sc_hd__dfrtp_1)
   0.3251    0.3251 ^ _73714_/Q (sky130_fd_sc_hd__dfrtp_1)
   0.0000    0.3251 ^ _71271_/D (sky130_fd_sc_hd__dfxtp_1)
             0.3251   data arrival time

   0.0000    0.0000   clock clk (rise edge)
   0.0000    0.0000   clock network delay (ideal)
   0.0000    0.0000   clock reconvergence pessimism
             0.0000 ^ _71271_/CLK (sky130_fd_sc_hd__dfxtp_1)
  -0.0225   -0.0225   library hold time
            -0.0225   data required time
-------------------------------------------------------------
            -0.0225   data required time
            -0.3251   data arrival time
-------------------------------------------------------------
             0.3477   slack (MET)


Startpoint: _73611_ (rising edge-triggered flip-flop clocked by clk)
Endpoint: _78107_ (rising edge-triggered flip-flop clocked by clk)
Path Group: clk
Path Type: min

    Delay      Time   Description
-------------------------------------------------------------
   0.0000    0.0000   clock clk (rise edge)
   0.0000    0.0000   clock network delay (ideal)
   0.0000    0.0000 ^ _73611_/CLK (sky130_fd_sc_hd__dfrtp_1)
   0.3411    0.3411 ^ _73611_/Q (sky130_fd_sc_hd__dfrtp_1)
   0.0000    0.3411 ^ _78107_/D (sky130_fd_sc_hd__dfrtp_1)
             0.3411   data arrival time

   0.0000    0.0000   clock clk (rise edge)
   0.0000    0.0000   clock network delay (ideal)
   0.0000    0.0000   clock reconvergence pessimism
             0.0000 ^ _78107_/CLK (sky130_fd_sc_hd__dfrtp_1)
  -0.0290   -0.0290   library hold time
            -0.0290   data required time
-------------------------------------------------------------
            -0.0290   data required time
            -0.3411   data arrival time
-------------------------------------------------------------
             0.3701   slack (MET)


Startpoint: _73617_ (rising edge-triggered flip-flop clocked by clk)
Endpoint: _78113_ (rising edge-triggered flip-flop clocked by clk)
Path Group: clk
Path Type: min

    Delay      Time   Description
-------------------------------------------------------------
   0.0000    0.0000   clock clk (rise edge)
   0.0000    0.0000   clock network delay (ideal)
   0.0000    0.0000 ^ _73617_/CLK (sky130_fd_sc_hd__dfrtp_1)
   0.3411    0.3411 ^ _73617_/Q (sky130_fd_sc_hd__dfrtp_1)
   0.0000    0.3411 ^ _78113_/D (sky130_fd_sc_hd__dfrtp_1)
             0.3411   data arrival time

   0.0000    0.0000   clock clk (rise edge)
   0.0000    0.0000   clock network delay (ideal)
   0.0000    0.0000   clock reconvergence pessimism
             0.0000 ^ _78113_/CLK (sky130_fd_sc_hd__dfrtp_1)
  -0.0290   -0.0290   library hold time
            -0.0290   data required time
-------------------------------------------------------------
            -0.0290   data required time
            -0.3411   data arrival time
-------------------------------------------------------------
             0.3701   slack (MET)


Startpoint: _73610_ (rising edge-triggered flip-flop clocked by clk)
Endpoint: _78106_ (rising edge-triggered flip-flop clocked by clk)
Path Group: clk
Path Type: min

    Delay      Time   Description
-------------------------------------------------------------
   0.0000    0.0000   clock clk (rise edge)
   0.0000    0.0000   clock network delay (ideal)
   0.0000    0.0000 ^ _73610_/CLK (sky130_fd_sc_hd__dfrtp_1)
   0.3459    0.3459 ^ _73610_/Q (sky130_fd_sc_hd__dfrtp_1)
   0.0000    0.3459 ^ _78106_/D (sky130_fd_sc_hd__dfrtp_1)
             0.3459   data arrival time

   0.0000    0.0000   clock clk (rise edge)
   0.0000    0.0000   clock network delay (ideal)
   0.0000    0.0000   clock reconvergence pessimism
             0.0000 ^ _78106_/CLK (sky130_fd_sc_hd__dfrtp_1)
  -0.0301   -0.0301   library hold time
            -0.0301   data required time
-------------------------------------------------------------
            -0.0301   data required time
            -0.3459   data arrival time
-------------------------------------------------------------
             0.3760   slack (MET)


Startpoint: _73613_ (rising edge-triggered flip-flop clocked by clk)
Endpoint: _78109_ (rising edge-triggered flip-flop clocked by clk)
Path Group: clk
Path Type: min

    Delay      Time   Description
-------------------------------------------------------------
   0.0000    0.0000   clock clk (rise edge)
   0.0000    0.0000   clock network delay (ideal)
   0.0000    0.0000 ^ _73613_/CLK (sky130_fd_sc_hd__dfrtp_1)
   0.3459    0.3459 ^ _73613_/Q (sky130_fd_sc_hd__dfrtp_1)
   0.0000    0.3459 ^ _78109_/D (sky130_fd_sc_hd__dfrtp_1)
             0.3459   data arrival time

   0.0000    0.0000   clock clk (rise edge)
   0.0000    0.0000   clock network delay (ideal)
   0.0000    0.0000   clock reconvergence pessimism
             0.0000 ^ _78109_/CLK (sky130_fd_sc_hd__dfrtp_1)
  -0.0301   -0.0301   library hold time
            -0.0301   data required time
-------------------------------------------------------------
            -0.0301   data required time
            -0.3459   data arrival time
-------------------------------------------------------------
             0.3760   slack (MET)


Startpoint: _73614_ (rising edge-triggered flip-flop clocked by clk)
Endpoint: _78110_ (rising edge-triggered flip-flop clocked by clk)
Path Group: clk
Path Type: min

    Delay      Time   Description
-------------------------------------------------------------
   0.0000    0.0000   clock clk (rise edge)
   0.0000    0.0000   clock network delay (ideal)
   0.0000    0.0000 ^ _73614_/CLK (sky130_fd_sc_hd__dfrtp_1)
   0.3459    0.3459 ^ _73614_/Q (sky130_fd_sc_hd__dfrtp_1)
   0.0000    0.3459 ^ _78110_/D (sky130_fd_sc_hd__dfrtp_1)
             0.3459   data arrival time

   0.0000    0.0000   clock clk (rise edge)
   0.0000    0.0000   clock network delay (ideal)
   0.0000    0.0000   clock reconvergence pessimism
             0.0000 ^ _78110_/CLK (sky130_fd_sc_hd__dfrtp_1)
  -0.0301   -0.0301   library hold time
            -0.0301   data required time
-------------------------------------------------------------
            -0.0301   data required time
            -0.3459   data arrival time
-------------------------------------------------------------
             0.3760   slack (MET)


Startpoint: _73615_ (rising edge-triggered flip-flop clocked by clk)
Endpoint: _78111_ (rising edge-triggered flip-flop clocked by clk)
Path Group: clk
Path Type: min

    Delay      Time   Description
-------------------------------------------------------------
   0.0000    0.0000   clock clk (rise edge)
   0.0000    0.0000   clock network delay (ideal)
   0.0000    0.0000 ^ _73615_/CLK (sky130_fd_sc_hd__dfrtp_1)
   0.3459    0.3459 ^ _73615_/Q (sky130_fd_sc_hd__dfrtp_1)
   0.0000    0.3459 ^ _78111_/D (sky130_fd_sc_hd__dfrtp_1)
             0.3459   data arrival time

   0.0000    0.0000   clock clk (rise edge)
   0.0000    0.0000   clock network delay (ideal)
   0.0000    0.0000   clock reconvergence pessimism
             0.0000 ^ _78111_/CLK (sky130_fd_sc_hd__dfrtp_1)
  -0.0301   -0.0301   library hold time
            -0.0301   data required time
-------------------------------------------------------------
            -0.0301   data required time
            -0.3459   data arrival time
-------------------------------------------------------------
             0.3760   slack (MET)


Startpoint: _73616_ (rising edge-triggered flip-flop clocked by clk)
Endpoint: _78112_ (rising edge-triggered flip-flop clocked by clk)
Path Group: clk
Path Type: min

    Delay      Time   Description
-------------------------------------------------------------
   0.0000    0.0000   clock clk (rise edge)
   0.0000    0.0000   clock network delay (ideal)
   0.0000    0.0000 ^ _73616_/CLK (sky130_fd_sc_hd__dfrtp_1)
   0.3459    0.3459 ^ _73616_/Q (sky130_fd_sc_hd__dfrtp_1)
   0.0000    0.3459 ^ _78112_/D (sky130_fd_sc_hd__dfrtp_1)
             0.3459   data arrival time

   0.0000    0.0000   clock clk (rise edge)
   0.0000    0.0000   clock network delay (ideal)
   0.0000    0.0000   clock reconvergence pessimism
             0.0000 ^ _78112_/CLK (sky130_fd_sc_hd__dfrtp_1)
  -0.0301   -0.0301   library hold time
            -0.0301   data required time
-------------------------------------------------------------
            -0.0301   data required time
            -0.3459   data arrival time
-------------------------------------------------------------
             0.3760   slack (MET)


Startpoint: _73618_ (rising edge-triggered flip-flop clocked by clk)
Endpoint: _78114_ (rising edge-triggered flip-flop clocked by clk)
Path Group: clk
Path Type: min

    Delay      Time   Description
-------------------------------------------------------------
   0.0000    0.0000   clock clk (rise edge)
   0.0000    0.0000   clock network delay (ideal)
   0.0000    0.0000 ^ _73618_/CLK (sky130_fd_sc_hd__dfrtp_1)
   0.3459    0.3459 ^ _73618_/Q (sky130_fd_sc_hd__dfrtp_1)
   0.0000    0.3459 ^ _78114_/D (sky130_fd_sc_hd__dfrtp_1)
             0.3459   data arrival time

   0.0000    0.0000   clock clk (rise edge)
   0.0000    0.0000   clock network delay (ideal)
   0.0000    0.0000   clock reconvergence pessimism
             0.0000 ^ _78114_/CLK (sky130_fd_sc_hd__dfrtp_1)
  -0.0301   -0.0301   library hold time
            -0.0301   data required time
-------------------------------------------------------------
            -0.0301   data required time
            -0.3459   data arrival time
-------------------------------------------------------------
             0.3760   slack (MET)


Startpoint: _73619_ (rising edge-triggered flip-flop clocked by clk)
Endpoint: _78115_ (rising edge-triggered flip-flop clocked by clk)
Path Group: clk
Path Type: min

    Delay      Time   Description
-------------------------------------------------------------
   0.0000    0.0000   clock clk (rise edge)
   0.0000    0.0000   clock network delay (ideal)
   0.0000    0.0000 ^ _73619_/CLK (sky130_fd_sc_hd__dfrtp_1)
   0.3459    0.3459 ^ _73619_/Q (sky130_fd_sc_hd__dfrtp_1)
   0.0000    0.3459 ^ _78115_/D (sky130_fd_sc_hd__dfrtp_1)
             0.3459   data arrival time

   0.0000    0.0000   clock clk (rise edge)
   0.0000    0.0000   clock network delay (ideal)
   0.0000    0.0000   clock reconvergence pessimism
             0.0000 ^ _78115_/CLK (sky130_fd_sc_hd__dfrtp_1)
  -0.0301   -0.0301   library hold time
            -0.0301   data required time
-------------------------------------------------------------
            -0.0301   data required time
            -0.3459   data arrival time
-------------------------------------------------------------
             0.3760   slack (MET)


Startpoint: _73620_ (rising edge-triggered flip-flop clocked by clk)
Endpoint: _78116_ (rising edge-triggered flip-flop clocked by clk)
Path Group: clk
Path Type: min

    Delay      Time   Description
-------------------------------------------------------------
   0.0000    0.0000   clock clk (rise edge)
   0.0000    0.0000   clock network delay (ideal)
   0.0000    0.0000 ^ _73620_/CLK (sky130_fd_sc_hd__dfrtp_1)
   0.3459    0.3459 ^ _73620_/Q (sky130_fd_sc_hd__dfrtp_1)
   0.0000    0.3459 ^ _78116_/D (sky130_fd_sc_hd__dfrtp_1)
             0.3459   data arrival time

   0.0000    0.0000   clock clk (rise edge)
   0.0000    0.0000   clock network delay (ideal)
   0.0000    0.0000   clock reconvergence pessimism
             0.0000 ^ _78116_/CLK (sky130_fd_sc_hd__dfrtp_1)
  -0.0301   -0.0301   library hold time
            -0.0301   data required time
-------------------------------------------------------------
            -0.0301   data required time
            -0.3459   data arrival time
-------------------------------------------------------------
             0.3760   slack (MET)


Startpoint: _73621_ (rising edge-triggered flip-flop clocked by clk)
Endpoint: _78117_ (rising edge-triggered flip-flop clocked by clk)
Path Group: clk
Path Type: min

    Delay      Time   Description
-------------------------------------------------------------
   0.0000    0.0000   clock clk (rise edge)
   0.0000    0.0000   clock network delay (ideal)
   0.0000    0.0000 ^ _73621_/CLK (sky130_fd_sc_hd__dfrtp_1)
   0.3459    0.3459 ^ _73621_/Q (sky130_fd_sc_hd__dfrtp_1)
   0.0000    0.3459 ^ _78117_/D (sky130_fd_sc_hd__dfrtp_1)
             0.3459   data arrival time

   0.0000    0.0000   clock clk (rise edge)
   0.0000    0.0000   clock network delay (ideal)
   0.0000    0.0000   clock reconvergence pessimism
             0.0000 ^ _78117_/CLK (sky130_fd_sc_hd__dfrtp_1)
  -0.0301   -0.0301   library hold time
            -0.0301   data required time
-------------------------------------------------------------
            -0.0301   data required time
            -0.3459   data arrival time
-------------------------------------------------------------
             0.3760   slack (MET)


Startpoint: _73622_ (rising edge-triggered flip-flop clocked by clk)
Endpoint: _78118_ (rising edge-triggered flip-flop clocked by clk)
Path Group: clk
Path Type: min

    Delay      Time   Description
-------------------------------------------------------------
   0.0000    0.0000   clock clk (rise edge)
   0.0000    0.0000   clock network delay (ideal)
   0.0000    0.0000 ^ _73622_/CLK (sky130_fd_sc_hd__dfrtp_1)
   0.3459    0.3459 ^ _73622_/Q (sky130_fd_sc_hd__dfrtp_1)
   0.0000    0.3459 ^ _78118_/D (sky130_fd_sc_hd__dfrtp_1)
             0.3459   data arrival time

   0.0000    0.0000   clock clk (rise edge)
   0.0000    0.0000   clock network delay (ideal)
   0.0000    0.0000   clock reconvergence pessimism
             0.0000 ^ _78118_/CLK (sky130_fd_sc_hd__dfrtp_1)
  -0.0301   -0.0301   library hold time
            -0.0301   data required time
-------------------------------------------------------------
            -0.0301   data required time
            -0.3459   data arrival time
-------------------------------------------------------------
             0.3760   slack (MET)


Startpoint: _73623_ (rising edge-triggered flip-flop clocked by clk)
Endpoint: _78119_ (rising edge-triggered flip-flop clocked by clk)
Path Group: clk
Path Type: min

    Delay      Time   Description
-------------------------------------------------------------
   0.0000    0.0000   clock clk (rise edge)
   0.0000    0.0000   clock network delay (ideal)
   0.0000    0.0000 ^ _73623_/CLK (sky130_fd_sc_hd__dfrtp_1)
   0.3459    0.3459 ^ _73623_/Q (sky130_fd_sc_hd__dfrtp_1)
   0.0000    0.3459 ^ _78119_/D (sky130_fd_sc_hd__dfrtp_1)
             0.3459   data arrival time

   0.0000    0.0000   clock clk (rise edge)
   0.0000    0.0000   clock network delay (ideal)
   0.0000    0.0000   clock reconvergence pessimism
             0.0000 ^ _78119_/CLK (sky130_fd_sc_hd__dfrtp_1)
  -0.0301   -0.0301   library hold time
            -0.0301   data required time
-------------------------------------------------------------
            -0.0301   data required time
            -0.3459   data arrival time
-------------------------------------------------------------
             0.3760   slack (MET)


Startpoint: _73624_ (rising edge-triggered flip-flop clocked by clk)
Endpoint: _78120_ (rising edge-triggered flip-flop clocked by clk)
Path Group: clk
Path Type: min

    Delay      Time   Description
-------------------------------------------------------------
   0.0000    0.0000   clock clk (rise edge)
   0.0000    0.0000   clock network delay (ideal)
   0.0000    0.0000 ^ _73624_/CLK (sky130_fd_sc_hd__dfrtp_1)
   0.3459    0.3459 ^ _73624_/Q (sky130_fd_sc_hd__dfrtp_1)
   0.0000    0.3459 ^ _78120_/D (sky130_fd_sc_hd__dfrtp_1)
             0.3459   data arrival time

   0.0000    0.0000   clock clk (rise edge)
   0.0000    0.0000   clock network delay (ideal)
   0.0000    0.0000   clock reconvergence pessimism
             0.0000 ^ _78120_/CLK (sky130_fd_sc_hd__dfrtp_1)
  -0.0301   -0.0301   library hold time
            -0.0301   data required time
-------------------------------------------------------------
            -0.0301   data required time
            -0.3459   data arrival time
-------------------------------------------------------------
             0.3760   slack (MET)


Startpoint: _73625_ (rising edge-triggered flip-flop clocked by clk)
Endpoint: _78121_ (rising edge-triggered flip-flop clocked by clk)
Path Group: clk
Path Type: min

    Delay      Time   Description
-------------------------------------------------------------
   0.0000    0.0000   clock clk (rise edge)
   0.0000    0.0000   clock network delay (ideal)
   0.0000    0.0000 ^ _73625_/CLK (sky130_fd_sc_hd__dfrtp_1)
   0.3459    0.3459 ^ _73625_/Q (sky130_fd_sc_hd__dfrtp_1)
   0.0000    0.3459 ^ _78121_/D (sky130_fd_sc_hd__dfrtp_1)
             0.3459   data arrival time

   0.0000    0.0000   clock clk (rise edge)
   0.0000    0.0000   clock network delay (ideal)
   0.0000    0.0000   clock reconvergence pessimism
             0.0000 ^ _78121_/CLK (sky130_fd_sc_hd__dfrtp_1)
  -0.0301   -0.0301   library hold time
            -0.0301   data required time
-------------------------------------------------------------
            -0.0301   data required time
            -0.3459   data arrival time
-------------------------------------------------------------
             0.3760   slack (MET)


Startpoint: _73626_ (rising edge-triggered flip-flop clocked by clk)
Endpoint: _78122_ (rising edge-triggered flip-flop clocked by clk)
Path Group: clk
Path Type: min

    Delay      Time   Description
-------------------------------------------------------------
   0.0000    0.0000   clock clk (rise edge)
   0.0000    0.0000   clock network delay (ideal)
   0.0000    0.0000 ^ _73626_/CLK (sky130_fd_sc_hd__dfrtp_1)
   0.3459    0.3459 ^ _73626_/Q (sky130_fd_sc_hd__dfrtp_1)
   0.0000    0.3459 ^ _78122_/D (sky130_fd_sc_hd__dfrtp_1)
             0.3459   data arrival time

   0.0000    0.0000   clock clk (rise edge)
   0.0000    0.0000   clock network delay (ideal)
   0.0000    0.0000   clock reconvergence pessimism
             0.0000 ^ _78122_/CLK (sky130_fd_sc_hd__dfrtp_1)
  -0.0301   -0.0301   library hold time
            -0.0301   data required time
-------------------------------------------------------------
            -0.0301   data required time
            -0.3459   data arrival time
-------------------------------------------------------------
             0.3760   slack (MET)


Startpoint: _73627_ (rising edge-triggered flip-flop clocked by clk)
Endpoint: _78123_ (rising edge-triggered flip-flop clocked by clk)
Path Group: clk
Path Type: min

    Delay      Time   Description
-------------------------------------------------------------
   0.0000    0.0000   clock clk (rise edge)
   0.0000    0.0000   clock network delay (ideal)
   0.0000    0.0000 ^ _73627_/CLK (sky130_fd_sc_hd__dfrtp_1)
   0.3459    0.3459 ^ _73627_/Q (sky130_fd_sc_hd__dfrtp_1)
   0.0000    0.3459 ^ _78123_/D (sky130_fd_sc_hd__dfrtp_1)
             0.3459   data arrival time

   0.0000    0.0000   clock clk (rise edge)
   0.0000    0.0000   clock network delay (ideal)
   0.0000    0.0000   clock reconvergence pessimism
             0.0000 ^ _78123_/CLK (sky130_fd_sc_hd__dfrtp_1)
  -0.0301   -0.0301   library hold time
            -0.0301   data required time
-------------------------------------------------------------
            -0.0301   data required time
            -0.3459   data arrival time
-------------------------------------------------------------
             0.3760   slack (MET)


