Startpoint: _78211_ (rising edge-triggered flip-flop clocked by clk)
Endpoint: _69347_ (rising edge-triggered flip-flop clocked by clk)
Path Group: clk
Path Type: max

    Delay      Time   Description
-------------------------------------------------------------
   0.0000    0.0000   clock clk (rise edge)
   0.0000    0.0000   clock network delay (ideal)
   0.0000    0.0000 ^ _78211_/CLK (sky130_fd_sc_hd__dfrtp_1)
   0.5332    0.5332 ^ _78211_/Q (sky130_fd_sc_hd__dfrtp_1)
  32.9622   33.4954 ^ _66097_/X (sky130_fd_sc_hd__lpflow_isobufsrc_1)
   4.2397   37.7352 ^ _66133_/X (sky130_fd_sc_hd__and3_1)
   0.2045   37.9397 v _66441_/Y (sky130_fd_sc_hd__a222oi_1)
   0.1801   38.1198 ^ _66442_/Y (sky130_fd_sc_hd__nand4_1)
   0.0681   38.1879 v _66446_/Y (sky130_fd_sc_hd__nor3_1)
   0.1541   38.3420 ^ _66457_/Y (sky130_fd_sc_hd__nor3_1)
   0.0900   38.4320 v _66458_/Y (sky130_fd_sc_hd__o21ai_0)
   0.1986   38.6306 ^ _66478_/Y (sky130_fd_sc_hd__a221oi_1)
   0.0992   38.7298 v _66479_/Y (sky130_fd_sc_hd__nand3_1)
   0.2554   38.9851 ^ _66579_/Y (sky130_fd_sc_hd__nor4_1)
   0.1044   39.0895 v _66580_/Y (sky130_fd_sc_hd__nand4_1)
   0.8800   39.9695 v _66813_/X (sky130_fd_sc_hd__or4_1)
   0.2450   40.2145 ^ _66834_/Y (sky130_fd_sc_hd__a31oi_1)
   0.0000   40.2145 ^ _69347_/D (sky130_fd_sc_hd__dfxtp_1)
            40.2145   data arrival time

  10.0000   10.0000   clock clk (rise edge)
   0.0000   10.0000   clock network delay (ideal)
   0.0000   10.0000   clock reconvergence pessimism
            10.0000 ^ _69347_/CLK (sky130_fd_sc_hd__dfxtp_1)
  -0.0694    9.9307   library setup time
             9.9307   data required time
-------------------------------------------------------------
             9.9307   data required time
           -40.2145   data arrival time
-------------------------------------------------------------
           -30.2839   slack (VIOLATED)


Startpoint: _78211_ (rising edge-triggered flip-flop clocked by clk)
Endpoint: _69348_ (rising edge-triggered flip-flop clocked by clk)
Path Group: clk
Path Type: max

    Delay      Time   Description
-------------------------------------------------------------
   0.0000    0.0000   clock clk (rise edge)
   0.0000    0.0000   clock network delay (ideal)
   0.0000    0.0000 ^ _78211_/CLK (sky130_fd_sc_hd__dfrtp_1)
   0.5332    0.5332 ^ _78211_/Q (sky130_fd_sc_hd__dfrtp_1)
  32.9622   33.4954 ^ _66097_/X (sky130_fd_sc_hd__lpflow_isobufsrc_1)
   4.2397   37.7352 ^ _66133_/X (sky130_fd_sc_hd__and3_1)
   0.2045   37.9397 v _66441_/Y (sky130_fd_sc_hd__a222oi_1)
   0.1801   38.1198 ^ _66442_/Y (sky130_fd_sc_hd__nand4_1)
   0.0681   38.1879 v _66446_/Y (sky130_fd_sc_hd__nor3_1)
   0.1541   38.3420 ^ _66457_/Y (sky130_fd_sc_hd__nor3_1)
   0.0900   38.4320 v _66458_/Y (sky130_fd_sc_hd__o21ai_0)
   0.1986   38.6306 ^ _66478_/Y (sky130_fd_sc_hd__a221oi_1)
   0.0992   38.7298 v _66479_/Y (sky130_fd_sc_hd__nand3_1)
   0.2554   38.9851 ^ _66579_/Y (sky130_fd_sc_hd__nor4_1)
   0.1044   39.0895 v _66580_/Y (sky130_fd_sc_hd__nand4_1)
   0.8800   39.9695 v _66813_/X (sky130_fd_sc_hd__or4_1)
   0.2450   40.2145 ^ _66854_/Y (sky130_fd_sc_hd__a31oi_1)
   0.0000   40.2145 ^ _69348_/D (sky130_fd_sc_hd__dfxtp_1)
            40.2145   data arrival time

  10.0000   10.0000   clock clk (rise edge)
   0.0000   10.0000   clock network delay (ideal)
   0.0000   10.0000   clock reconvergence pessimism
            10.0000 ^ _69348_/CLK (sky130_fd_sc_hd__dfxtp_1)
  -0.0694    9.9307   library setup time
             9.9307   data required time
-------------------------------------------------------------
             9.9307   data required time
           -40.2145   data arrival time
-------------------------------------------------------------
           -30.2839   slack (VIOLATED)


Startpoint: _78211_ (rising edge-triggered flip-flop clocked by clk)
Endpoint: _69349_ (rising edge-triggered flip-flop clocked by clk)
Path Group: clk
Path Type: max

    Delay      Time   Description
-------------------------------------------------------------
   0.0000    0.0000   clock clk (rise edge)
   0.0000    0.0000   clock network delay (ideal)
   0.0000    0.0000 ^ _78211_/CLK (sky130_fd_sc_hd__dfrtp_1)
   0.5332    0.5332 ^ _78211_/Q (sky130_fd_sc_hd__dfrtp_1)
  32.9622   33.4954 ^ _66097_/X (sky130_fd_sc_hd__lpflow_isobufsrc_1)
   4.2397   37.7352 ^ _66133_/X (sky130_fd_sc_hd__and3_1)
   0.2045   37.9397 v _66441_/Y (sky130_fd_sc_hd__a222oi_1)
   0.1801   38.1198 ^ _66442_/Y (sky130_fd_sc_hd__nand4_1)
   0.0681   38.1879 v _66446_/Y (sky130_fd_sc_hd__nor3_1)
   0.1541   38.3420 ^ _66457_/Y (sky130_fd_sc_hd__nor3_1)
   0.0900   38.4320 v _66458_/Y (sky130_fd_sc_hd__o21ai_0)
   0.1986   38.6306 ^ _66478_/Y (sky130_fd_sc_hd__a221oi_1)
   0.0992   38.7298 v _66479_/Y (sky130_fd_sc_hd__nand3_1)
   0.2554   38.9851 ^ _66579_/Y (sky130_fd_sc_hd__nor4_1)
   0.1044   39.0895 v _66580_/Y (sky130_fd_sc_hd__nand4_1)
   0.8800   39.9695 v _66813_/X (sky130_fd_sc_hd__or4_1)
   0.2450   40.2145 ^ _66874_/Y (sky130_fd_sc_hd__a31oi_1)
   0.0000   40.2145 ^ _69349_/D (sky130_fd_sc_hd__dfxtp_1)
            40.2145   data arrival time

  10.0000   10.0000   clock clk (rise edge)
   0.0000   10.0000   clock network delay (ideal)
   0.0000   10.0000   clock reconvergence pessimism
            10.0000 ^ _69349_/CLK (sky130_fd_sc_hd__dfxtp_1)
  -0.0694    9.9307   library setup time
             9.9307   data required time
-------------------------------------------------------------
             9.9307   data required time
           -40.2145   data arrival time
-------------------------------------------------------------
           -30.2839   slack (VIOLATED)


Startpoint: _78211_ (rising edge-triggered flip-flop clocked by clk)
Endpoint: _69350_ (rising edge-triggered flip-flop clocked by clk)
Path Group: clk
Path Type: max

    Delay      Time   Description
-------------------------------------------------------------
   0.0000    0.0000   clock clk (rise edge)
   0.0000    0.0000   clock network delay (ideal)
   0.0000    0.0000 ^ _78211_/CLK (sky130_fd_sc_hd__dfrtp_1)
   0.5332    0.5332 ^ _78211_/Q (sky130_fd_sc_hd__dfrtp_1)
  32.9622   33.4954 ^ _66097_/X (sky130_fd_sc_hd__lpflow_isobufsrc_1)
   4.2397   37.7352 ^ _66133_/X (sky130_fd_sc_hd__and3_1)
   0.2045   37.9397 v _66441_/Y (sky130_fd_sc_hd__a222oi_1)
   0.1801   38.1198 ^ _66442_/Y (sky130_fd_sc_hd__nand4_1)
   0.0681   38.1879 v _66446_/Y (sky130_fd_sc_hd__nor3_1)
   0.1541   38.3420 ^ _66457_/Y (sky130_fd_sc_hd__nor3_1)
   0.0900   38.4320 v _66458_/Y (sky130_fd_sc_hd__o21ai_0)
   0.1986   38.6306 ^ _66478_/Y (sky130_fd_sc_hd__a221oi_1)
   0.0992   38.7298 v _66479_/Y (sky130_fd_sc_hd__nand3_1)
   0.2554   38.9851 ^ _66579_/Y (sky130_fd_sc_hd__nor4_1)
   0.1044   39.0895 v _66580_/Y (sky130_fd_sc_hd__nand4_1)
   0.8800   39.9695 v _66813_/X (sky130_fd_sc_hd__or4_1)
   0.2450   40.2145 ^ _66894_/Y (sky130_fd_sc_hd__a31oi_1)
   0.0000   40.2145 ^ _69350_/D (sky130_fd_sc_hd__dfxtp_1)
            40.2145   data arrival time

  10.0000   10.0000   clock clk (rise edge)
   0.0000   10.0000   clock network delay (ideal)
   0.0000   10.0000   clock reconvergence pessimism
            10.0000 ^ _69350_/CLK (sky130_fd_sc_hd__dfxtp_1)
  -0.0694    9.9307   library setup time
             9.9307   data required time
-------------------------------------------------------------
             9.9307   data required time
           -40.2145   data arrival time
-------------------------------------------------------------
           -30.2839   slack (VIOLATED)


Startpoint: _78211_ (rising edge-triggered flip-flop clocked by clk)
Endpoint: _69351_ (rising edge-triggered flip-flop clocked by clk)
Path Group: clk
Path Type: max

    Delay      Time   Description
-------------------------------------------------------------
   0.0000    0.0000   clock clk (rise edge)
   0.0000    0.0000   clock network delay (ideal)
   0.0000    0.0000 ^ _78211_/CLK (sky130_fd_sc_hd__dfrtp_1)
   0.5332    0.5332 ^ _78211_/Q (sky130_fd_sc_hd__dfrtp_1)
  32.9622   33.4954 ^ _66097_/X (sky130_fd_sc_hd__lpflow_isobufsrc_1)
   4.2397   37.7352 ^ _66133_/X (sky130_fd_sc_hd__and3_1)
   0.2045   37.9397 v _66441_/Y (sky130_fd_sc_hd__a222oi_1)
   0.1801   38.1198 ^ _66442_/Y (sky130_fd_sc_hd__nand4_1)
   0.0681   38.1879 v _66446_/Y (sky130_fd_sc_hd__nor3_1)
   0.1541   38.3420 ^ _66457_/Y (sky130_fd_sc_hd__nor3_1)
   0.0900   38.4320 v _66458_/Y (sky130_fd_sc_hd__o21ai_0)
   0.1986   38.6306 ^ _66478_/Y (sky130_fd_sc_hd__a221oi_1)
   0.0992   38.7298 v _66479_/Y (sky130_fd_sc_hd__nand3_1)
   0.2554   38.9851 ^ _66579_/Y (sky130_fd_sc_hd__nor4_1)
   0.1044   39.0895 v _66580_/Y (sky130_fd_sc_hd__nand4_1)
   0.8800   39.9695 v _66813_/X (sky130_fd_sc_hd__or4_1)
   0.2450   40.2145 ^ _66914_/Y (sky130_fd_sc_hd__a31oi_1)
   0.0000   40.2145 ^ _69351_/D (sky130_fd_sc_hd__dfxtp_1)
            40.2145   data arrival time

  10.0000   10.0000   clock clk (rise edge)
   0.0000   10.0000   clock network delay (ideal)
   0.0000   10.0000   clock reconvergence pessimism
            10.0000 ^ _69351_/CLK (sky130_fd_sc_hd__dfxtp_1)
  -0.0694    9.9307   library setup time
             9.9307   data required time
-------------------------------------------------------------
             9.9307   data required time
           -40.2145   data arrival time
-------------------------------------------------------------
           -30.2839   slack (VIOLATED)


Startpoint: _78211_ (rising edge-triggered flip-flop clocked by clk)
Endpoint: _69352_ (rising edge-triggered flip-flop clocked by clk)
Path Group: clk
Path Type: max

    Delay      Time   Description
-------------------------------------------------------------
   0.0000    0.0000   clock clk (rise edge)
   0.0000    0.0000   clock network delay (ideal)
   0.0000    0.0000 ^ _78211_/CLK (sky130_fd_sc_hd__dfrtp_1)
   0.5332    0.5332 ^ _78211_/Q (sky130_fd_sc_hd__dfrtp_1)
  32.9622   33.4954 ^ _66097_/X (sky130_fd_sc_hd__lpflow_isobufsrc_1)
   4.2397   37.7352 ^ _66133_/X (sky130_fd_sc_hd__and3_1)
   0.2045   37.9397 v _66441_/Y (sky130_fd_sc_hd__a222oi_1)
   0.1801   38.1198 ^ _66442_/Y (sky130_fd_sc_hd__nand4_1)
   0.0681   38.1879 v _66446_/Y (sky130_fd_sc_hd__nor3_1)
   0.1541   38.3420 ^ _66457_/Y (sky130_fd_sc_hd__nor3_1)
   0.0900   38.4320 v _66458_/Y (sky130_fd_sc_hd__o21ai_0)
   0.1986   38.6306 ^ _66478_/Y (sky130_fd_sc_hd__a221oi_1)
   0.0992   38.7298 v _66479_/Y (sky130_fd_sc_hd__nand3_1)
   0.2554   38.9851 ^ _66579_/Y (sky130_fd_sc_hd__nor4_1)
   0.1044   39.0895 v _66580_/Y (sky130_fd_sc_hd__nand4_1)
   0.8800   39.9695 v _66813_/X (sky130_fd_sc_hd__or4_1)
   0.2450   40.2145 ^ _66934_/Y (sky130_fd_sc_hd__a31oi_1)
   0.0000   40.2145 ^ _69352_/D (sky130_fd_sc_hd__dfxtp_1)
            40.2145   data arrival time

  10.0000   10.0000   clock clk (rise edge)
   0.0000   10.0000   clock network delay (ideal)
   0.0000   10.0000   clock reconvergence pessimism
            10.0000 ^ _69352_/CLK (sky130_fd_sc_hd__dfxtp_1)
  -0.0694    9.9307   library setup time
             9.9307   data required time
-------------------------------------------------------------
             9.9307   data required time
           -40.2145   data arrival time
-------------------------------------------------------------
           -30.2839   slack (VIOLATED)


Startpoint: _78211_ (rising edge-triggered flip-flop clocked by clk)
Endpoint: _69353_ (rising edge-triggered flip-flop clocked by clk)
Path Group: clk
Path Type: max

    Delay      Time   Description
-------------------------------------------------------------
   0.0000    0.0000   clock clk (rise edge)
   0.0000    0.0000   clock network delay (ideal)
   0.0000    0.0000 ^ _78211_/CLK (sky130_fd_sc_hd__dfrtp_1)
   0.5332    0.5332 ^ _78211_/Q (sky130_fd_sc_hd__dfrtp_1)
  32.9622   33.4954 ^ _66097_/X (sky130_fd_sc_hd__lpflow_isobufsrc_1)
   4.2397   37.7352 ^ _66133_/X (sky130_fd_sc_hd__and3_1)
   0.2045   37.9397 v _66441_/Y (sky130_fd_sc_hd__a222oi_1)
   0.1801   38.1198 ^ _66442_/Y (sky130_fd_sc_hd__nand4_1)
   0.0681   38.1879 v _66446_/Y (sky130_fd_sc_hd__nor3_1)
   0.1541   38.3420 ^ _66457_/Y (sky130_fd_sc_hd__nor3_1)
   0.0900   38.4320 v _66458_/Y (sky130_fd_sc_hd__o21ai_0)
   0.1986   38.6306 ^ _66478_/Y (sky130_fd_sc_hd__a221oi_1)
   0.0992   38.7298 v _66479_/Y (sky130_fd_sc_hd__nand3_1)
   0.2554   38.9851 ^ _66579_/Y (sky130_fd_sc_hd__nor4_1)
   0.1044   39.0895 v _66580_/Y (sky130_fd_sc_hd__nand4_1)
   0.8800   39.9695 v _66813_/X (sky130_fd_sc_hd__or4_1)
   0.2450   40.2145 ^ _66954_/Y (sky130_fd_sc_hd__a31oi_1)
   0.0000   40.2145 ^ _69353_/D (sky130_fd_sc_hd__dfxtp_1)
            40.2145   data arrival time

  10.0000   10.0000   clock clk (rise edge)
   0.0000   10.0000   clock network delay (ideal)
   0.0000   10.0000   clock reconvergence pessimism
            10.0000 ^ _69353_/CLK (sky130_fd_sc_hd__dfxtp_1)
  -0.0694    9.9307   library setup time
             9.9307   data required time
-------------------------------------------------------------
             9.9307   data required time
           -40.2145   data arrival time
-------------------------------------------------------------
           -30.2839   slack (VIOLATED)


Startpoint: _78211_ (rising edge-triggered flip-flop clocked by clk)
Endpoint: _69354_ (rising edge-triggered flip-flop clocked by clk)
Path Group: clk
Path Type: max

    Delay      Time   Description
-------------------------------------------------------------
   0.0000    0.0000   clock clk (rise edge)
   0.0000    0.0000   clock network delay (ideal)
   0.0000    0.0000 ^ _78211_/CLK (sky130_fd_sc_hd__dfrtp_1)
   0.5332    0.5332 ^ _78211_/Q (sky130_fd_sc_hd__dfrtp_1)
  32.9622   33.4954 ^ _66097_/X (sky130_fd_sc_hd__lpflow_isobufsrc_1)
   4.2397   37.7352 ^ _66133_/X (sky130_fd_sc_hd__and3_1)
   0.2045   37.9397 v _66441_/Y (sky130_fd_sc_hd__a222oi_1)
   0.1801   38.1198 ^ _66442_/Y (sky130_fd_sc_hd__nand4_1)
   0.0681   38.1879 v _66446_/Y (sky130_fd_sc_hd__nor3_1)
   0.1541   38.3420 ^ _66457_/Y (sky130_fd_sc_hd__nor3_1)
   0.0900   38.4320 v _66458_/Y (sky130_fd_sc_hd__o21ai_0)
   0.1986   38.6306 ^ _66478_/Y (sky130_fd_sc_hd__a221oi_1)
   0.0992   38.7298 v _66479_/Y (sky130_fd_sc_hd__nand3_1)
   0.2554   38.9851 ^ _66579_/Y (sky130_fd_sc_hd__nor4_1)
   0.1044   39.0895 v _66580_/Y (sky130_fd_sc_hd__nand4_1)
   0.8800   39.9695 v _66813_/X (sky130_fd_sc_hd__or4_1)
   0.2450   40.2145 ^ _66974_/Y (sky130_fd_sc_hd__a31oi_1)
   0.0000   40.2145 ^ _69354_/D (sky130_fd_sc_hd__dfxtp_1)
            40.2145   data arrival time

  10.0000   10.0000   clock clk (rise edge)
   0.0000   10.0000   clock network delay (ideal)
   0.0000   10.0000   clock reconvergence pessimism
            10.0000 ^ _69354_/CLK (sky130_fd_sc_hd__dfxtp_1)
  -0.0694    9.9307   library setup time
             9.9307   data required time
-------------------------------------------------------------
             9.9307   data required time
           -40.2145   data arrival time
-------------------------------------------------------------
           -30.2839   slack (VIOLATED)


Startpoint: _78211_ (rising edge-triggered flip-flop clocked by clk)
Endpoint: _69355_ (rising edge-triggered flip-flop clocked by clk)
Path Group: clk
Path Type: max

    Delay      Time   Description
-------------------------------------------------------------
   0.0000    0.0000   clock clk (rise edge)
   0.0000    0.0000   clock network delay (ideal)
   0.0000    0.0000 ^ _78211_/CLK (sky130_fd_sc_hd__dfrtp_1)
   0.5332    0.5332 ^ _78211_/Q (sky130_fd_sc_hd__dfrtp_1)
  32.9622   33.4954 ^ _66097_/X (sky130_fd_sc_hd__lpflow_isobufsrc_1)
   4.2397   37.7352 ^ _66133_/X (sky130_fd_sc_hd__and3_1)
   0.2045   37.9397 v _66441_/Y (sky130_fd_sc_hd__a222oi_1)
   0.1801   38.1198 ^ _66442_/Y (sky130_fd_sc_hd__nand4_1)
   0.0681   38.1879 v _66446_/Y (sky130_fd_sc_hd__nor3_1)
   0.1541   38.3420 ^ _66457_/Y (sky130_fd_sc_hd__nor3_1)
   0.0900   38.4320 v _66458_/Y (sky130_fd_sc_hd__o21ai_0)
   0.1986   38.6306 ^ _66478_/Y (sky130_fd_sc_hd__a221oi_1)
   0.0992   38.7298 v _66479_/Y (sky130_fd_sc_hd__nand3_1)
   0.2554   38.9851 ^ _66579_/Y (sky130_fd_sc_hd__nor4_1)
   0.1044   39.0895 v _66580_/Y (sky130_fd_sc_hd__nand4_1)
   0.8800   39.9695 v _66813_/X (sky130_fd_sc_hd__or4_1)
   0.2450   40.2145 ^ _66994_/Y (sky130_fd_sc_hd__a31oi_1)
   0.0000   40.2145 ^ _69355_/D (sky130_fd_sc_hd__dfxtp_1)
            40.2145   data arrival time

  10.0000   10.0000   clock clk (rise edge)
   0.0000   10.0000   clock network delay (ideal)
   0.0000   10.0000   clock reconvergence pessimism
            10.0000 ^ _69355_/CLK (sky130_fd_sc_hd__dfxtp_1)
  -0.0694    9.9307   library setup time
             9.9307   data required time
-------------------------------------------------------------
             9.9307   data required time
           -40.2145   data arrival time
-------------------------------------------------------------
           -30.2839   slack (VIOLATED)


Startpoint: _78211_ (rising edge-triggered flip-flop clocked by clk)
Endpoint: _69356_ (rising edge-triggered flip-flop clocked by clk)
Path Group: clk
Path Type: max

    Delay      Time   Description
-------------------------------------------------------------
   0.0000    0.0000   clock clk (rise edge)
   0.0000    0.0000   clock network delay (ideal)
   0.0000    0.0000 ^ _78211_/CLK (sky130_fd_sc_hd__dfrtp_1)
   0.5332    0.5332 ^ _78211_/Q (sky130_fd_sc_hd__dfrtp_1)
  32.9622   33.4954 ^ _66097_/X (sky130_fd_sc_hd__lpflow_isobufsrc_1)
   4.2397   37.7352 ^ _66133_/X (sky130_fd_sc_hd__and3_1)
   0.2045   37.9397 v _66441_/Y (sky130_fd_sc_hd__a222oi_1)
   0.1801   38.1198 ^ _66442_/Y (sky130_fd_sc_hd__nand4_1)
   0.0681   38.1879 v _66446_/Y (sky130_fd_sc_hd__nor3_1)
   0.1541   38.3420 ^ _66457_/Y (sky130_fd_sc_hd__nor3_1)
   0.0900   38.4320 v _66458_/Y (sky130_fd_sc_hd__o21ai_0)
   0.1986   38.6306 ^ _66478_/Y (sky130_fd_sc_hd__a221oi_1)
   0.0992   38.7298 v _66479_/Y (sky130_fd_sc_hd__nand3_1)
   0.2554   38.9851 ^ _66579_/Y (sky130_fd_sc_hd__nor4_1)
   0.1044   39.0895 v _66580_/Y (sky130_fd_sc_hd__nand4_1)
   0.8800   39.9695 v _66813_/X (sky130_fd_sc_hd__or4_1)
   0.2450   40.2145 ^ _67014_/Y (sky130_fd_sc_hd__a31oi_1)
   0.0000   40.2145 ^ _69356_/D (sky130_fd_sc_hd__dfxtp_1)
            40.2145   data arrival time

  10.0000   10.0000   clock clk (rise edge)
   0.0000   10.0000   clock network delay (ideal)
   0.0000   10.0000   clock reconvergence pessimism
            10.0000 ^ _69356_/CLK (sky130_fd_sc_hd__dfxtp_1)
  -0.0694    9.9307   library setup time
             9.9307   data required time
-------------------------------------------------------------
             9.9307   data required time
           -40.2145   data arrival time
-------------------------------------------------------------
           -30.2839   slack (VIOLATED)


Startpoint: _78211_ (rising edge-triggered flip-flop clocked by clk)
Endpoint: _69357_ (rising edge-triggered flip-flop clocked by clk)
Path Group: clk
Path Type: max

    Delay      Time   Description
-------------------------------------------------------------
   0.0000    0.0000   clock clk (rise edge)
   0.0000    0.0000   clock network delay (ideal)
   0.0000    0.0000 ^ _78211_/CLK (sky130_fd_sc_hd__dfrtp_1)
   0.5332    0.5332 ^ _78211_/Q (sky130_fd_sc_hd__dfrtp_1)
  32.9622   33.4954 ^ _66097_/X (sky130_fd_sc_hd__lpflow_isobufsrc_1)
   4.2397   37.7352 ^ _66133_/X (sky130_fd_sc_hd__and3_1)
   0.2045   37.9397 v _66441_/Y (sky130_fd_sc_hd__a222oi_1)
   0.1801   38.1198 ^ _66442_/Y (sky130_fd_sc_hd__nand4_1)
   0.0681   38.1879 v _66446_/Y (sky130_fd_sc_hd__nor3_1)
   0.1541   38.3420 ^ _66457_/Y (sky130_fd_sc_hd__nor3_1)
   0.0900   38.4320 v _66458_/Y (sky130_fd_sc_hd__o21ai_0)
   0.1986   38.6306 ^ _66478_/Y (sky130_fd_sc_hd__a221oi_1)
   0.0992   38.7298 v _66479_/Y (sky130_fd_sc_hd__nand3_1)
   0.2554   38.9851 ^ _66579_/Y (sky130_fd_sc_hd__nor4_1)
   0.1044   39.0895 v _66580_/Y (sky130_fd_sc_hd__nand4_1)
   0.8800   39.9695 v _66813_/X (sky130_fd_sc_hd__or4_1)
   0.2450   40.2145 ^ _67034_/Y (sky130_fd_sc_hd__a31oi_1)
   0.0000   40.2145 ^ _69357_/D (sky130_fd_sc_hd__dfxtp_1)
            40.2145   data arrival time

  10.0000   10.0000   clock clk (rise edge)
   0.0000   10.0000   clock network delay (ideal)
   0.0000   10.0000   clock reconvergence pessimism
            10.0000 ^ _69357_/CLK (sky130_fd_sc_hd__dfxtp_1)
  -0.0694    9.9307   library setup time
             9.9307   data required time
-------------------------------------------------------------
             9.9307   data required time
           -40.2145   data arrival time
-------------------------------------------------------------
           -30.2839   slack (VIOLATED)


Startpoint: _78211_ (rising edge-triggered flip-flop clocked by clk)
Endpoint: _69358_ (rising edge-triggered flip-flop clocked by clk)
Path Group: clk
Path Type: max

    Delay      Time   Description
-------------------------------------------------------------
   0.0000    0.0000   clock clk (rise edge)
   0.0000    0.0000   clock network delay (ideal)
   0.0000    0.0000 ^ _78211_/CLK (sky130_fd_sc_hd__dfrtp_1)
   0.5332    0.5332 ^ _78211_/Q (sky130_fd_sc_hd__dfrtp_1)
  32.9622   33.4954 ^ _66097_/X (sky130_fd_sc_hd__lpflow_isobufsrc_1)
   4.2397   37.7352 ^ _66133_/X (sky130_fd_sc_hd__and3_1)
   0.2045   37.9397 v _66441_/Y (sky130_fd_sc_hd__a222oi_1)
   0.1801   38.1198 ^ _66442_/Y (sky130_fd_sc_hd__nand4_1)
   0.0681   38.1879 v _66446_/Y (sky130_fd_sc_hd__nor3_1)
   0.1541   38.3420 ^ _66457_/Y (sky130_fd_sc_hd__nor3_1)
   0.0900   38.4320 v _66458_/Y (sky130_fd_sc_hd__o21ai_0)
   0.1986   38.6306 ^ _66478_/Y (sky130_fd_sc_hd__a221oi_1)
   0.0992   38.7298 v _66479_/Y (sky130_fd_sc_hd__nand3_1)
   0.2554   38.9851 ^ _66579_/Y (sky130_fd_sc_hd__nor4_1)
   0.1044   39.0895 v _66580_/Y (sky130_fd_sc_hd__nand4_1)
   0.8800   39.9695 v _66813_/X (sky130_fd_sc_hd__or4_1)
   0.2450   40.2145 ^ _67054_/Y (sky130_fd_sc_hd__a31oi_1)
   0.0000   40.2145 ^ _69358_/D (sky130_fd_sc_hd__dfxtp_1)
            40.2145   data arrival time

  10.0000   10.0000   clock clk (rise edge)
   0.0000   10.0000   clock network delay (ideal)
   0.0000   10.0000   clock reconvergence pessimism
            10.0000 ^ _69358_/CLK (sky130_fd_sc_hd__dfxtp_1)
  -0.0694    9.9307   library setup time
             9.9307   data required time
-------------------------------------------------------------
             9.9307   data required time
           -40.2145   data arrival time
-------------------------------------------------------------
           -30.2839   slack (VIOLATED)


Startpoint: _78211_ (rising edge-triggered flip-flop clocked by clk)
Endpoint: _69359_ (rising edge-triggered flip-flop clocked by clk)
Path Group: clk
Path Type: max

    Delay      Time   Description
-------------------------------------------------------------
   0.0000    0.0000   clock clk (rise edge)
   0.0000    0.0000   clock network delay (ideal)
   0.0000    0.0000 ^ _78211_/CLK (sky130_fd_sc_hd__dfrtp_1)
   0.5332    0.5332 ^ _78211_/Q (sky130_fd_sc_hd__dfrtp_1)
  32.9622   33.4954 ^ _66097_/X (sky130_fd_sc_hd__lpflow_isobufsrc_1)
   4.2397   37.7352 ^ _66133_/X (sky130_fd_sc_hd__and3_1)
   0.2045   37.9397 v _66441_/Y (sky130_fd_sc_hd__a222oi_1)
   0.1801   38.1198 ^ _66442_/Y (sky130_fd_sc_hd__nand4_1)
   0.0681   38.1879 v _66446_/Y (sky130_fd_sc_hd__nor3_1)
   0.1541   38.3420 ^ _66457_/Y (sky130_fd_sc_hd__nor3_1)
   0.0900   38.4320 v _66458_/Y (sky130_fd_sc_hd__o21ai_0)
   0.1986   38.6306 ^ _66478_/Y (sky130_fd_sc_hd__a221oi_1)
   0.0992   38.7298 v _66479_/Y (sky130_fd_sc_hd__nand3_1)
   0.2554   38.9851 ^ _66579_/Y (sky130_fd_sc_hd__nor4_1)
   0.1044   39.0895 v _66580_/Y (sky130_fd_sc_hd__nand4_1)
   0.8800   39.9695 v _66813_/X (sky130_fd_sc_hd__or4_1)
   0.2450   40.2145 ^ _67074_/Y (sky130_fd_sc_hd__a31oi_1)
   0.0000   40.2145 ^ _69359_/D (sky130_fd_sc_hd__dfxtp_1)
            40.2145   data arrival time

  10.0000   10.0000   clock clk (rise edge)
   0.0000   10.0000   clock network delay (ideal)
   0.0000   10.0000   clock reconvergence pessimism
            10.0000 ^ _69359_/CLK (sky130_fd_sc_hd__dfxtp_1)
  -0.0694    9.9307   library setup time
             9.9307   data required time
-------------------------------------------------------------
             9.9307   data required time
           -40.2145   data arrival time
-------------------------------------------------------------
           -30.2839   slack (VIOLATED)


Startpoint: _78211_ (rising edge-triggered flip-flop clocked by clk)
Endpoint: _69360_ (rising edge-triggered flip-flop clocked by clk)
Path Group: clk
Path Type: max

    Delay      Time   Description
-------------------------------------------------------------
   0.0000    0.0000   clock clk (rise edge)
   0.0000    0.0000   clock network delay (ideal)
   0.0000    0.0000 ^ _78211_/CLK (sky130_fd_sc_hd__dfrtp_1)
   0.5332    0.5332 ^ _78211_/Q (sky130_fd_sc_hd__dfrtp_1)
  32.9622   33.4954 ^ _66097_/X (sky130_fd_sc_hd__lpflow_isobufsrc_1)
   4.2397   37.7352 ^ _66133_/X (sky130_fd_sc_hd__and3_1)
   0.2045   37.9397 v _66441_/Y (sky130_fd_sc_hd__a222oi_1)
   0.1801   38.1198 ^ _66442_/Y (sky130_fd_sc_hd__nand4_1)
   0.0681   38.1879 v _66446_/Y (sky130_fd_sc_hd__nor3_1)
   0.1541   38.3420 ^ _66457_/Y (sky130_fd_sc_hd__nor3_1)
   0.0900   38.4320 v _66458_/Y (sky130_fd_sc_hd__o21ai_0)
   0.1986   38.6306 ^ _66478_/Y (sky130_fd_sc_hd__a221oi_1)
   0.0992   38.7298 v _66479_/Y (sky130_fd_sc_hd__nand3_1)
   0.2554   38.9851 ^ _66579_/Y (sky130_fd_sc_hd__nor4_1)
   0.1044   39.0895 v _66580_/Y (sky130_fd_sc_hd__nand4_1)
   0.8800   39.9695 v _66813_/X (sky130_fd_sc_hd__or4_1)
   0.2450   40.2145 ^ _67094_/Y (sky130_fd_sc_hd__a31oi_1)
   0.0000   40.2145 ^ _69360_/D (sky130_fd_sc_hd__dfxtp_1)
            40.2145   data arrival time

  10.0000   10.0000   clock clk (rise edge)
   0.0000   10.0000   clock network delay (ideal)
   0.0000   10.0000   clock reconvergence pessimism
            10.0000 ^ _69360_/CLK (sky130_fd_sc_hd__dfxtp_1)
  -0.0694    9.9307   library setup time
             9.9307   data required time
-------------------------------------------------------------
             9.9307   data required time
           -40.2145   data arrival time
-------------------------------------------------------------
           -30.2839   slack (VIOLATED)


Startpoint: _78211_ (rising edge-triggered flip-flop clocked by clk)
Endpoint: _69361_ (rising edge-triggered flip-flop clocked by clk)
Path Group: clk
Path Type: max

    Delay      Time   Description
-------------------------------------------------------------
   0.0000    0.0000   clock clk (rise edge)
   0.0000    0.0000   clock network delay (ideal)
   0.0000    0.0000 ^ _78211_/CLK (sky130_fd_sc_hd__dfrtp_1)
   0.5332    0.5332 ^ _78211_/Q (sky130_fd_sc_hd__dfrtp_1)
  32.9622   33.4954 ^ _66097_/X (sky130_fd_sc_hd__lpflow_isobufsrc_1)
   4.2397   37.7352 ^ _66133_/X (sky130_fd_sc_hd__and3_1)
   0.2045   37.9397 v _66441_/Y (sky130_fd_sc_hd__a222oi_1)
   0.1801   38.1198 ^ _66442_/Y (sky130_fd_sc_hd__nand4_1)
   0.0681   38.1879 v _66446_/Y (sky130_fd_sc_hd__nor3_1)
   0.1541   38.3420 ^ _66457_/Y (sky130_fd_sc_hd__nor3_1)
   0.0900   38.4320 v _66458_/Y (sky130_fd_sc_hd__o21ai_0)
   0.1986   38.6306 ^ _66478_/Y (sky130_fd_sc_hd__a221oi_1)
   0.0992   38.7298 v _66479_/Y (sky130_fd_sc_hd__nand3_1)
   0.2554   38.9851 ^ _66579_/Y (sky130_fd_sc_hd__nor4_1)
   0.1044   39.0895 v _66580_/Y (sky130_fd_sc_hd__nand4_1)
   0.8800   39.9695 v _66813_/X (sky130_fd_sc_hd__or4_1)
   0.2450   40.2145 ^ _67114_/Y (sky130_fd_sc_hd__a31oi_1)
   0.0000   40.2145 ^ _69361_/D (sky130_fd_sc_hd__dfxtp_1)
            40.2145   data arrival time

  10.0000   10.0000   clock clk (rise edge)
   0.0000   10.0000   clock network delay (ideal)
   0.0000   10.0000   clock reconvergence pessimism
            10.0000 ^ _69361_/CLK (sky130_fd_sc_hd__dfxtp_1)
  -0.0694    9.9307   library setup time
             9.9307   data required time
-------------------------------------------------------------
             9.9307   data required time
           -40.2145   data arrival time
-------------------------------------------------------------
           -30.2839   slack (VIOLATED)


Startpoint: _78211_ (rising edge-triggered flip-flop clocked by clk)
Endpoint: _69362_ (rising edge-triggered flip-flop clocked by clk)
Path Group: clk
Path Type: max

    Delay      Time   Description
-------------------------------------------------------------
   0.0000    0.0000   clock clk (rise edge)
   0.0000    0.0000   clock network delay (ideal)
   0.0000    0.0000 ^ _78211_/CLK (sky130_fd_sc_hd__dfrtp_1)
   0.5332    0.5332 ^ _78211_/Q (sky130_fd_sc_hd__dfrtp_1)
  32.9622   33.4954 ^ _66097_/X (sky130_fd_sc_hd__lpflow_isobufsrc_1)
   4.2397   37.7352 ^ _66133_/X (sky130_fd_sc_hd__and3_1)
   0.2045   37.9397 v _66441_/Y (sky130_fd_sc_hd__a222oi_1)
   0.1801   38.1198 ^ _66442_/Y (sky130_fd_sc_hd__nand4_1)
   0.0681   38.1879 v _66446_/Y (sky130_fd_sc_hd__nor3_1)
   0.1541   38.3420 ^ _66457_/Y (sky130_fd_sc_hd__nor3_1)
   0.0900   38.4320 v _66458_/Y (sky130_fd_sc_hd__o21ai_0)
   0.1986   38.6306 ^ _66478_/Y (sky130_fd_sc_hd__a221oi_1)
   0.0992   38.7298 v _66479_/Y (sky130_fd_sc_hd__nand3_1)
   0.2554   38.9851 ^ _66579_/Y (sky130_fd_sc_hd__nor4_1)
   0.1044   39.0895 v _66580_/Y (sky130_fd_sc_hd__nand4_1)
   0.8800   39.9695 v _66813_/X (sky130_fd_sc_hd__or4_1)
   0.2450   40.2145 ^ _67134_/Y (sky130_fd_sc_hd__a31oi_1)
   0.0000   40.2145 ^ _69362_/D (sky130_fd_sc_hd__dfxtp_1)
            40.2145   data arrival time

  10.0000   10.0000   clock clk (rise edge)
   0.0000   10.0000   clock network delay (ideal)
   0.0000   10.0000   clock reconvergence pessimism
            10.0000 ^ _69362_/CLK (sky130_fd_sc_hd__dfxtp_1)
  -0.0694    9.9307   library setup time
             9.9307   data required time
-------------------------------------------------------------
             9.9307   data required time
           -40.2145   data arrival time
-------------------------------------------------------------
           -30.2839   slack (VIOLATED)


Startpoint: _78211_ (rising edge-triggered flip-flop clocked by clk)
Endpoint: _69363_ (rising edge-triggered flip-flop clocked by clk)
Path Group: clk
Path Type: max

    Delay      Time   Description
-------------------------------------------------------------
   0.0000    0.0000   clock clk (rise edge)
   0.0000    0.0000   clock network delay (ideal)
   0.0000    0.0000 ^ _78211_/CLK (sky130_fd_sc_hd__dfrtp_1)
   0.5332    0.5332 ^ _78211_/Q (sky130_fd_sc_hd__dfrtp_1)
  32.9622   33.4954 ^ _66097_/X (sky130_fd_sc_hd__lpflow_isobufsrc_1)
   4.2397   37.7352 ^ _66133_/X (sky130_fd_sc_hd__and3_1)
   0.2045   37.9397 v _66441_/Y (sky130_fd_sc_hd__a222oi_1)
   0.1801   38.1198 ^ _66442_/Y (sky130_fd_sc_hd__nand4_1)
   0.0681   38.1879 v _66446_/Y (sky130_fd_sc_hd__nor3_1)
   0.1541   38.3420 ^ _66457_/Y (sky130_fd_sc_hd__nor3_1)
   0.0900   38.4320 v _66458_/Y (sky130_fd_sc_hd__o21ai_0)
   0.1986   38.6306 ^ _66478_/Y (sky130_fd_sc_hd__a221oi_1)
   0.0992   38.7298 v _66479_/Y (sky130_fd_sc_hd__nand3_1)
   0.2554   38.9851 ^ _66579_/Y (sky130_fd_sc_hd__nor4_1)
   0.1044   39.0895 v _66580_/Y (sky130_fd_sc_hd__nand4_1)
   0.8800   39.9695 v _66813_/X (sky130_fd_sc_hd__or4_1)
   0.2450   40.2145 ^ _67154_/Y (sky130_fd_sc_hd__a31oi_1)
   0.0000   40.2145 ^ _69363_/D (sky130_fd_sc_hd__dfxtp_1)
            40.2145   data arrival time

  10.0000   10.0000   clock clk (rise edge)
   0.0000   10.0000   clock network delay (ideal)
   0.0000   10.0000   clock reconvergence pessimism
            10.0000 ^ _69363_/CLK (sky130_fd_sc_hd__dfxtp_1)
  -0.0694    9.9307   library setup time
             9.9307   data required time
-------------------------------------------------------------
             9.9307   data required time
           -40.2145   data arrival time
-------------------------------------------------------------
           -30.2839   slack (VIOLATED)


Startpoint: _78211_ (rising edge-triggered flip-flop clocked by clk)
Endpoint: _69364_ (rising edge-triggered flip-flop clocked by clk)
Path Group: clk
Path Type: max

    Delay      Time   Description
-------------------------------------------------------------
   0.0000    0.0000   clock clk (rise edge)
   0.0000    0.0000   clock network delay (ideal)
   0.0000    0.0000 ^ _78211_/CLK (sky130_fd_sc_hd__dfrtp_1)
   0.5332    0.5332 ^ _78211_/Q (sky130_fd_sc_hd__dfrtp_1)
  32.9622   33.4954 ^ _66097_/X (sky130_fd_sc_hd__lpflow_isobufsrc_1)
   4.2397   37.7352 ^ _66133_/X (sky130_fd_sc_hd__and3_1)
   0.2045   37.9397 v _66441_/Y (sky130_fd_sc_hd__a222oi_1)
   0.1801   38.1198 ^ _66442_/Y (sky130_fd_sc_hd__nand4_1)
   0.0681   38.1879 v _66446_/Y (sky130_fd_sc_hd__nor3_1)
   0.1541   38.3420 ^ _66457_/Y (sky130_fd_sc_hd__nor3_1)
   0.0900   38.4320 v _66458_/Y (sky130_fd_sc_hd__o21ai_0)
   0.1986   38.6306 ^ _66478_/Y (sky130_fd_sc_hd__a221oi_1)
   0.0992   38.7298 v _66479_/Y (sky130_fd_sc_hd__nand3_1)
   0.2554   38.9851 ^ _66579_/Y (sky130_fd_sc_hd__nor4_1)
   0.1044   39.0895 v _66580_/Y (sky130_fd_sc_hd__nand4_1)
   0.8800   39.9695 v _66813_/X (sky130_fd_sc_hd__or4_1)
   0.2450   40.2145 ^ _67174_/Y (sky130_fd_sc_hd__a31oi_1)
   0.0000   40.2145 ^ _69364_/D (sky130_fd_sc_hd__dfxtp_1)
            40.2145   data arrival time

  10.0000   10.0000   clock clk (rise edge)
   0.0000   10.0000   clock network delay (ideal)
   0.0000   10.0000   clock reconvergence pessimism
            10.0000 ^ _69364_/CLK (sky130_fd_sc_hd__dfxtp_1)
  -0.0694    9.9307   library setup time
             9.9307   data required time
-------------------------------------------------------------
             9.9307   data required time
           -40.2145   data arrival time
-------------------------------------------------------------
           -30.2839   slack (VIOLATED)


Startpoint: _78211_ (rising edge-triggered flip-flop clocked by clk)
Endpoint: _69365_ (rising edge-triggered flip-flop clocked by clk)
Path Group: clk
Path Type: max

    Delay      Time   Description
-------------------------------------------------------------
   0.0000    0.0000   clock clk (rise edge)
   0.0000    0.0000   clock network delay (ideal)
   0.0000    0.0000 ^ _78211_/CLK (sky130_fd_sc_hd__dfrtp_1)
   0.5332    0.5332 ^ _78211_/Q (sky130_fd_sc_hd__dfrtp_1)
  32.9622   33.4954 ^ _66097_/X (sky130_fd_sc_hd__lpflow_isobufsrc_1)
   4.2397   37.7352 ^ _66133_/X (sky130_fd_sc_hd__and3_1)
   0.2045   37.9397 v _66441_/Y (sky130_fd_sc_hd__a222oi_1)
   0.1801   38.1198 ^ _66442_/Y (sky130_fd_sc_hd__nand4_1)
   0.0681   38.1879 v _66446_/Y (sky130_fd_sc_hd__nor3_1)
   0.1541   38.3420 ^ _66457_/Y (sky130_fd_sc_hd__nor3_1)
   0.0900   38.4320 v _66458_/Y (sky130_fd_sc_hd__o21ai_0)
   0.1986   38.6306 ^ _66478_/Y (sky130_fd_sc_hd__a221oi_1)
   0.0992   38.7298 v _66479_/Y (sky130_fd_sc_hd__nand3_1)
   0.2554   38.9851 ^ _66579_/Y (sky130_fd_sc_hd__nor4_1)
   0.1044   39.0895 v _66580_/Y (sky130_fd_sc_hd__nand4_1)
   0.8800   39.9695 v _66813_/X (sky130_fd_sc_hd__or4_1)
   0.2450   40.2145 ^ _67194_/Y (sky130_fd_sc_hd__a31oi_1)
   0.0000   40.2145 ^ _69365_/D (sky130_fd_sc_hd__dfxtp_1)
            40.2145   data arrival time

  10.0000   10.0000   clock clk (rise edge)
   0.0000   10.0000   clock network delay (ideal)
   0.0000   10.0000   clock reconvergence pessimism
            10.0000 ^ _69365_/CLK (sky130_fd_sc_hd__dfxtp_1)
  -0.0694    9.9307   library setup time
             9.9307   data required time
-------------------------------------------------------------
             9.9307   data required time
           -40.2145   data arrival time
-------------------------------------------------------------
           -30.2839   slack (VIOLATED)


Startpoint: _78211_ (rising edge-triggered flip-flop clocked by clk)
Endpoint: _69366_ (rising edge-triggered flip-flop clocked by clk)
Path Group: clk
Path Type: max

    Delay      Time   Description
-------------------------------------------------------------
   0.0000    0.0000   clock clk (rise edge)
   0.0000    0.0000   clock network delay (ideal)
   0.0000    0.0000 ^ _78211_/CLK (sky130_fd_sc_hd__dfrtp_1)
   0.5332    0.5332 ^ _78211_/Q (sky130_fd_sc_hd__dfrtp_1)
  32.9622   33.4954 ^ _66097_/X (sky130_fd_sc_hd__lpflow_isobufsrc_1)
   4.2397   37.7352 ^ _66133_/X (sky130_fd_sc_hd__and3_1)
   0.2045   37.9397 v _66441_/Y (sky130_fd_sc_hd__a222oi_1)
   0.1801   38.1198 ^ _66442_/Y (sky130_fd_sc_hd__nand4_1)
   0.0681   38.1879 v _66446_/Y (sky130_fd_sc_hd__nor3_1)
   0.1541   38.3420 ^ _66457_/Y (sky130_fd_sc_hd__nor3_1)
   0.0900   38.4320 v _66458_/Y (sky130_fd_sc_hd__o21ai_0)
   0.1986   38.6306 ^ _66478_/Y (sky130_fd_sc_hd__a221oi_1)
   0.0992   38.7298 v _66479_/Y (sky130_fd_sc_hd__nand3_1)
   0.2554   38.9851 ^ _66579_/Y (sky130_fd_sc_hd__nor4_1)
   0.1044   39.0895 v _66580_/Y (sky130_fd_sc_hd__nand4_1)
   0.8800   39.9695 v _66813_/X (sky130_fd_sc_hd__or4_1)
   0.2450   40.2145 ^ _67214_/Y (sky130_fd_sc_hd__a31oi_1)
   0.0000   40.2145 ^ _69366_/D (sky130_fd_sc_hd__dfxtp_1)
            40.2145   data arrival time

  10.0000   10.0000   clock clk (rise edge)
   0.0000   10.0000   clock network delay (ideal)
   0.0000   10.0000   clock reconvergence pessimism
            10.0000 ^ _69366_/CLK (sky130_fd_sc_hd__dfxtp_1)
  -0.0694    9.9307   library setup time
             9.9307   data required time
-------------------------------------------------------------
             9.9307   data required time
           -40.2145   data arrival time
-------------------------------------------------------------
           -30.2839   slack (VIOLATED)


