Startpoint: ex_mem_reg/_161_ (rising edge-triggered flip-flop clocked by clk)
Endpoint: mem_wb_reg/_041_ (rising edge-triggered flip-flop clocked by clk)
Path Group: clk
Path Type: min

    Delay      Time   Description
-------------------------------------------------------------
   0.0000    0.0000   clock clk (rise edge)
   0.0000    0.0000   clock network delay (ideal)
   0.0000    0.0000 ^ ex_mem_reg/_161_/CLK (sky130_fd_sc_hd__dfrtp_1)
   0.3466    0.3466 ^ ex_mem_reg/_161_/Q (sky130_fd_sc_hd__dfrtp_1)
   0.0000    0.3466 ^ mem_wb_reg/_041_/D (sky130_fd_sc_hd__dfrtp_1)
             0.3466   data arrival time

   0.0000    0.0000   clock clk (rise edge)
   0.0000    0.0000   clock network delay (ideal)
   0.0000    0.0000   clock reconvergence pessimism
             0.0000 ^ mem_wb_reg/_041_/CLK (sky130_fd_sc_hd__dfrtp_1)
  -0.0303   -0.0303   library hold time
            -0.0303   data required time
-------------------------------------------------------------
            -0.0303   data required time
            -0.3466   data arrival time
-------------------------------------------------------------
             0.3769   slack (MET)


Startpoint: ex_mem_reg/_162_ (rising edge-triggered flip-flop clocked by clk)
Endpoint: mem_wb_reg/_042_ (rising edge-triggered flip-flop clocked by clk)
Path Group: clk
Path Type: min

    Delay      Time   Description
-------------------------------------------------------------
   0.0000    0.0000   clock clk (rise edge)
   0.0000    0.0000   clock network delay (ideal)
   0.0000    0.0000 ^ ex_mem_reg/_162_/CLK (sky130_fd_sc_hd__dfrtp_1)
   0.3466    0.3466 ^ ex_mem_reg/_162_/Q (sky130_fd_sc_hd__dfrtp_1)
   0.0000    0.3466 ^ mem_wb_reg/_042_/D (sky130_fd_sc_hd__dfrtp_1)
             0.3466   data arrival time

   0.0000    0.0000   clock clk (rise edge)
   0.0000    0.0000   clock network delay (ideal)
   0.0000    0.0000   clock reconvergence pessimism
             0.0000 ^ mem_wb_reg/_042_/CLK (sky130_fd_sc_hd__dfrtp_1)
  -0.0303   -0.0303   library hold time
            -0.0303   data required time
-------------------------------------------------------------
            -0.0303   data required time
            -0.3466   data arrival time
-------------------------------------------------------------
             0.3769   slack (MET)


Startpoint: ex_mem_reg/_163_ (rising edge-triggered flip-flop clocked by clk)
Endpoint: mem_wb_reg/_043_ (rising edge-triggered flip-flop clocked by clk)
Path Group: clk
Path Type: min

    Delay      Time   Description
-------------------------------------------------------------
   0.0000    0.0000   clock clk (rise edge)
   0.0000    0.0000   clock network delay (ideal)
   0.0000    0.0000 ^ ex_mem_reg/_163_/CLK (sky130_fd_sc_hd__dfrtp_1)
   0.3466    0.3466 ^ ex_mem_reg/_163_/Q (sky130_fd_sc_hd__dfrtp_1)
   0.0000    0.3466 ^ mem_wb_reg/_043_/D (sky130_fd_sc_hd__dfrtp_1)
             0.3466   data arrival time

   0.0000    0.0000   clock clk (rise edge)
   0.0000    0.0000   clock network delay (ideal)
   0.0000    0.0000   clock reconvergence pessimism
             0.0000 ^ mem_wb_reg/_043_/CLK (sky130_fd_sc_hd__dfrtp_1)
  -0.0303   -0.0303   library hold time
            -0.0303   data required time
-------------------------------------------------------------
            -0.0303   data required time
            -0.3466   data arrival time
-------------------------------------------------------------
             0.3769   slack (MET)


Startpoint: ex_mem_reg/_164_ (rising edge-triggered flip-flop clocked by clk)
Endpoint: mem_wb_reg/_044_ (rising edge-triggered flip-flop clocked by clk)
Path Group: clk
Path Type: min

    Delay      Time   Description
-------------------------------------------------------------
   0.0000    0.0000   clock clk (rise edge)
   0.0000    0.0000   clock network delay (ideal)
   0.0000    0.0000 ^ ex_mem_reg/_164_/CLK (sky130_fd_sc_hd__dfrtp_1)
   0.3466    0.3466 ^ ex_mem_reg/_164_/Q (sky130_fd_sc_hd__dfrtp_1)
   0.0000    0.3466 ^ mem_wb_reg/_044_/D (sky130_fd_sc_hd__dfrtp_1)
             0.3466   data arrival time

   0.0000    0.0000   clock clk (rise edge)
   0.0000    0.0000   clock network delay (ideal)
   0.0000    0.0000   clock reconvergence pessimism
             0.0000 ^ mem_wb_reg/_044_/CLK (sky130_fd_sc_hd__dfrtp_1)
  -0.0303   -0.0303   library hold time
            -0.0303   data required time
-------------------------------------------------------------
            -0.0303   data required time
            -0.3466   data arrival time
-------------------------------------------------------------
             0.3769   slack (MET)


Startpoint: ex_mem_reg/_165_ (rising edge-triggered flip-flop clocked by clk)
Endpoint: mem_wb_reg/_045_ (rising edge-triggered flip-flop clocked by clk)
Path Group: clk
Path Type: min

    Delay      Time   Description
-------------------------------------------------------------
   0.0000    0.0000   clock clk (rise edge)
   0.0000    0.0000   clock network delay (ideal)
   0.0000    0.0000 ^ ex_mem_reg/_165_/CLK (sky130_fd_sc_hd__dfrtp_1)
   0.3466    0.3466 ^ ex_mem_reg/_165_/Q (sky130_fd_sc_hd__dfrtp_1)
   0.0000    0.3466 ^ mem_wb_reg/_045_/D (sky130_fd_sc_hd__dfrtp_1)
             0.3466   data arrival time

   0.0000    0.0000   clock clk (rise edge)
   0.0000    0.0000   clock network delay (ideal)
   0.0000    0.0000   clock reconvergence pessimism
             0.0000 ^ mem_wb_reg/_045_/CLK (sky130_fd_sc_hd__dfrtp_1)
  -0.0303   -0.0303   library hold time
            -0.0303   data required time
-------------------------------------------------------------
            -0.0303   data required time
            -0.3466   data arrival time
-------------------------------------------------------------
             0.3769   slack (MET)


Startpoint: ex_mem_reg/_166_ (rising edge-triggered flip-flop clocked by clk)
Endpoint: mem_wb_reg/_046_ (rising edge-triggered flip-flop clocked by clk)
Path Group: clk
Path Type: min

    Delay      Time   Description
-------------------------------------------------------------
   0.0000    0.0000   clock clk (rise edge)
   0.0000    0.0000   clock network delay (ideal)
   0.0000    0.0000 ^ ex_mem_reg/_166_/CLK (sky130_fd_sc_hd__dfrtp_1)
   0.3466    0.3466 ^ ex_mem_reg/_166_/Q (sky130_fd_sc_hd__dfrtp_1)
   0.0000    0.3466 ^ mem_wb_reg/_046_/D (sky130_fd_sc_hd__dfrtp_1)
             0.3466   data arrival time

   0.0000    0.0000   clock clk (rise edge)
   0.0000    0.0000   clock network delay (ideal)
   0.0000    0.0000   clock reconvergence pessimism
             0.0000 ^ mem_wb_reg/_046_/CLK (sky130_fd_sc_hd__dfrtp_1)
  -0.0303   -0.0303   library hold time
            -0.0303   data required time
-------------------------------------------------------------
            -0.0303   data required time
            -0.3466   data arrival time
-------------------------------------------------------------
             0.3769   slack (MET)


Startpoint: ex_mem_reg/_167_ (rising edge-triggered flip-flop clocked by clk)
Endpoint: mem_wb_reg/_047_ (rising edge-triggered flip-flop clocked by clk)
Path Group: clk
Path Type: min

    Delay      Time   Description
-------------------------------------------------------------
   0.0000    0.0000   clock clk (rise edge)
   0.0000    0.0000   clock network delay (ideal)
   0.0000    0.0000 ^ ex_mem_reg/_167_/CLK (sky130_fd_sc_hd__dfrtp_1)
   0.3466    0.3466 ^ ex_mem_reg/_167_/Q (sky130_fd_sc_hd__dfrtp_1)
   0.0000    0.3466 ^ mem_wb_reg/_047_/D (sky130_fd_sc_hd__dfrtp_1)
             0.3466   data arrival time

   0.0000    0.0000   clock clk (rise edge)
   0.0000    0.0000   clock network delay (ideal)
   0.0000    0.0000   clock reconvergence pessimism
             0.0000 ^ mem_wb_reg/_047_/CLK (sky130_fd_sc_hd__dfrtp_1)
  -0.0303   -0.0303   library hold time
            -0.0303   data required time
-------------------------------------------------------------
            -0.0303   data required time
            -0.3466   data arrival time
-------------------------------------------------------------
             0.3769   slack (MET)


Startpoint: ex_mem_reg/_168_ (rising edge-triggered flip-flop clocked by clk)
Endpoint: mem_wb_reg/_048_ (rising edge-triggered flip-flop clocked by clk)
Path Group: clk
Path Type: min

    Delay      Time   Description
-------------------------------------------------------------
   0.0000    0.0000   clock clk (rise edge)
   0.0000    0.0000   clock network delay (ideal)
   0.0000    0.0000 ^ ex_mem_reg/_168_/CLK (sky130_fd_sc_hd__dfrtp_1)
   0.3466    0.3466 ^ ex_mem_reg/_168_/Q (sky130_fd_sc_hd__dfrtp_1)
   0.0000    0.3466 ^ mem_wb_reg/_048_/D (sky130_fd_sc_hd__dfrtp_1)
             0.3466   data arrival time

   0.0000    0.0000   clock clk (rise edge)
   0.0000    0.0000   clock network delay (ideal)
   0.0000    0.0000   clock reconvergence pessimism
             0.0000 ^ mem_wb_reg/_048_/CLK (sky130_fd_sc_hd__dfrtp_1)
  -0.0303   -0.0303   library hold time
            -0.0303   data required time
-------------------------------------------------------------
            -0.0303   data required time
            -0.3466   data arrival time
-------------------------------------------------------------
             0.3769   slack (MET)


Startpoint: ex_mem_reg/_169_ (rising edge-triggered flip-flop clocked by clk)
Endpoint: mem_wb_reg/_049_ (rising edge-triggered flip-flop clocked by clk)
Path Group: clk
Path Type: min

    Delay      Time   Description
-------------------------------------------------------------
   0.0000    0.0000   clock clk (rise edge)
   0.0000    0.0000   clock network delay (ideal)
   0.0000    0.0000 ^ ex_mem_reg/_169_/CLK (sky130_fd_sc_hd__dfrtp_1)
   0.3466    0.3466 ^ ex_mem_reg/_169_/Q (sky130_fd_sc_hd__dfrtp_1)
   0.0000    0.3466 ^ mem_wb_reg/_049_/D (sky130_fd_sc_hd__dfrtp_1)
             0.3466   data arrival time

   0.0000    0.0000   clock clk (rise edge)
   0.0000    0.0000   clock network delay (ideal)
   0.0000    0.0000   clock reconvergence pessimism
             0.0000 ^ mem_wb_reg/_049_/CLK (sky130_fd_sc_hd__dfrtp_1)
  -0.0303   -0.0303   library hold time
            -0.0303   data required time
-------------------------------------------------------------
            -0.0303   data required time
            -0.3466   data arrival time
-------------------------------------------------------------
             0.3769   slack (MET)


Startpoint: ex_mem_reg/_170_ (rising edge-triggered flip-flop clocked by clk)
Endpoint: mem_wb_reg/_050_ (rising edge-triggered flip-flop clocked by clk)
Path Group: clk
Path Type: min

    Delay      Time   Description
-------------------------------------------------------------
   0.0000    0.0000   clock clk (rise edge)
   0.0000    0.0000   clock network delay (ideal)
   0.0000    0.0000 ^ ex_mem_reg/_170_/CLK (sky130_fd_sc_hd__dfrtp_1)
   0.3466    0.3466 ^ ex_mem_reg/_170_/Q (sky130_fd_sc_hd__dfrtp_1)
   0.0000    0.3466 ^ mem_wb_reg/_050_/D (sky130_fd_sc_hd__dfrtp_1)
             0.3466   data arrival time

   0.0000    0.0000   clock clk (rise edge)
   0.0000    0.0000   clock network delay (ideal)
   0.0000    0.0000   clock reconvergence pessimism
             0.0000 ^ mem_wb_reg/_050_/CLK (sky130_fd_sc_hd__dfrtp_1)
  -0.0303   -0.0303   library hold time
            -0.0303   data required time
-------------------------------------------------------------
            -0.0303   data required time
            -0.3466   data arrival time
-------------------------------------------------------------
             0.3769   slack (MET)


Startpoint: ex_mem_reg/_171_ (rising edge-triggered flip-flop clocked by clk)
Endpoint: mem_wb_reg/_051_ (rising edge-triggered flip-flop clocked by clk)
Path Group: clk
Path Type: min

    Delay      Time   Description
-------------------------------------------------------------
   0.0000    0.0000   clock clk (rise edge)
   0.0000    0.0000   clock network delay (ideal)
   0.0000    0.0000 ^ ex_mem_reg/_171_/CLK (sky130_fd_sc_hd__dfrtp_1)
   0.3466    0.3466 ^ ex_mem_reg/_171_/Q (sky130_fd_sc_hd__dfrtp_1)
   0.0000    0.3466 ^ mem_wb_reg/_051_/D (sky130_fd_sc_hd__dfrtp_1)
             0.3466   data arrival time

   0.0000    0.0000   clock clk (rise edge)
   0.0000    0.0000   clock network delay (ideal)
   0.0000    0.0000   clock reconvergence pessimism
             0.0000 ^ mem_wb_reg/_051_/CLK (sky130_fd_sc_hd__dfrtp_1)
  -0.0303   -0.0303   library hold time
            -0.0303   data required time
-------------------------------------------------------------
            -0.0303   data required time
            -0.3466   data arrival time
-------------------------------------------------------------
             0.3769   slack (MET)


Startpoint: ex_mem_reg/_172_ (rising edge-triggered flip-flop clocked by clk)
Endpoint: mem_wb_reg/_052_ (rising edge-triggered flip-flop clocked by clk)
Path Group: clk
Path Type: min

    Delay      Time   Description
-------------------------------------------------------------
   0.0000    0.0000   clock clk (rise edge)
   0.0000    0.0000   clock network delay (ideal)
   0.0000    0.0000 ^ ex_mem_reg/_172_/CLK (sky130_fd_sc_hd__dfrtp_1)
   0.3466    0.3466 ^ ex_mem_reg/_172_/Q (sky130_fd_sc_hd__dfrtp_1)
   0.0000    0.3466 ^ mem_wb_reg/_052_/D (sky130_fd_sc_hd__dfrtp_1)
             0.3466   data arrival time

   0.0000    0.0000   clock clk (rise edge)
   0.0000    0.0000   clock network delay (ideal)
   0.0000    0.0000   clock reconvergence pessimism
             0.0000 ^ mem_wb_reg/_052_/CLK (sky130_fd_sc_hd__dfrtp_1)
  -0.0303   -0.0303   library hold time
            -0.0303   data required time
-------------------------------------------------------------
            -0.0303   data required time
            -0.3466   data arrival time
-------------------------------------------------------------
             0.3769   slack (MET)


Startpoint: ex_mem_reg/_173_ (rising edge-triggered flip-flop clocked by clk)
Endpoint: mem_wb_reg/_053_ (rising edge-triggered flip-flop clocked by clk)
Path Group: clk
Path Type: min

    Delay      Time   Description
-------------------------------------------------------------
   0.0000    0.0000   clock clk (rise edge)
   0.0000    0.0000   clock network delay (ideal)
   0.0000    0.0000 ^ ex_mem_reg/_173_/CLK (sky130_fd_sc_hd__dfrtp_1)
   0.3466    0.3466 ^ ex_mem_reg/_173_/Q (sky130_fd_sc_hd__dfrtp_1)
   0.0000    0.3466 ^ mem_wb_reg/_053_/D (sky130_fd_sc_hd__dfrtp_1)
             0.3466   data arrival time

   0.0000    0.0000   clock clk (rise edge)
   0.0000    0.0000   clock network delay (ideal)
   0.0000    0.0000   clock reconvergence pessimism
             0.0000 ^ mem_wb_reg/_053_/CLK (sky130_fd_sc_hd__dfrtp_1)
  -0.0303   -0.0303   library hold time
            -0.0303   data required time
-------------------------------------------------------------
            -0.0303   data required time
            -0.3466   data arrival time
-------------------------------------------------------------
             0.3769   slack (MET)


Startpoint: ex_mem_reg/_174_ (rising edge-triggered flip-flop clocked by clk)
Endpoint: mem_wb_reg/_054_ (rising edge-triggered flip-flop clocked by clk)
Path Group: clk
Path Type: min

    Delay      Time   Description
-------------------------------------------------------------
   0.0000    0.0000   clock clk (rise edge)
   0.0000    0.0000   clock network delay (ideal)
   0.0000    0.0000 ^ ex_mem_reg/_174_/CLK (sky130_fd_sc_hd__dfrtp_1)
   0.3466    0.3466 ^ ex_mem_reg/_174_/Q (sky130_fd_sc_hd__dfrtp_1)
   0.0000    0.3466 ^ mem_wb_reg/_054_/D (sky130_fd_sc_hd__dfrtp_1)
             0.3466   data arrival time

   0.0000    0.0000   clock clk (rise edge)
   0.0000    0.0000   clock network delay (ideal)
   0.0000    0.0000   clock reconvergence pessimism
             0.0000 ^ mem_wb_reg/_054_/CLK (sky130_fd_sc_hd__dfrtp_1)
  -0.0303   -0.0303   library hold time
            -0.0303   data required time
-------------------------------------------------------------
            -0.0303   data required time
            -0.3466   data arrival time
-------------------------------------------------------------
             0.3769   slack (MET)


Startpoint: ex_mem_reg/_175_ (rising edge-triggered flip-flop clocked by clk)
Endpoint: mem_wb_reg/_055_ (rising edge-triggered flip-flop clocked by clk)
Path Group: clk
Path Type: min

    Delay      Time   Description
-------------------------------------------------------------
   0.0000    0.0000   clock clk (rise edge)
   0.0000    0.0000   clock network delay (ideal)
   0.0000    0.0000 ^ ex_mem_reg/_175_/CLK (sky130_fd_sc_hd__dfrtp_1)
   0.3466    0.3466 ^ ex_mem_reg/_175_/Q (sky130_fd_sc_hd__dfrtp_1)
   0.0000    0.3466 ^ mem_wb_reg/_055_/D (sky130_fd_sc_hd__dfrtp_1)
             0.3466   data arrival time

   0.0000    0.0000   clock clk (rise edge)
   0.0000    0.0000   clock network delay (ideal)
   0.0000    0.0000   clock reconvergence pessimism
             0.0000 ^ mem_wb_reg/_055_/CLK (sky130_fd_sc_hd__dfrtp_1)
  -0.0303   -0.0303   library hold time
            -0.0303   data required time
-------------------------------------------------------------
            -0.0303   data required time
            -0.3466   data arrival time
-------------------------------------------------------------
             0.3769   slack (MET)


Startpoint: ex_mem_reg/_176_ (rising edge-triggered flip-flop clocked by clk)
Endpoint: mem_wb_reg/_056_ (rising edge-triggered flip-flop clocked by clk)
Path Group: clk
Path Type: min

    Delay      Time   Description
-------------------------------------------------------------
   0.0000    0.0000   clock clk (rise edge)
   0.0000    0.0000   clock network delay (ideal)
   0.0000    0.0000 ^ ex_mem_reg/_176_/CLK (sky130_fd_sc_hd__dfrtp_1)
   0.3466    0.3466 ^ ex_mem_reg/_176_/Q (sky130_fd_sc_hd__dfrtp_1)
   0.0000    0.3466 ^ mem_wb_reg/_056_/D (sky130_fd_sc_hd__dfrtp_1)
             0.3466   data arrival time

   0.0000    0.0000   clock clk (rise edge)
   0.0000    0.0000   clock network delay (ideal)
   0.0000    0.0000   clock reconvergence pessimism
             0.0000 ^ mem_wb_reg/_056_/CLK (sky130_fd_sc_hd__dfrtp_1)
  -0.0303   -0.0303   library hold time
            -0.0303   data required time
-------------------------------------------------------------
            -0.0303   data required time
            -0.3466   data arrival time
-------------------------------------------------------------
             0.3769   slack (MET)


Startpoint: ex_mem_reg/_177_ (rising edge-triggered flip-flop clocked by clk)
Endpoint: mem_wb_reg/_057_ (rising edge-triggered flip-flop clocked by clk)
Path Group: clk
Path Type: min

    Delay      Time   Description
-------------------------------------------------------------
   0.0000    0.0000   clock clk (rise edge)
   0.0000    0.0000   clock network delay (ideal)
   0.0000    0.0000 ^ ex_mem_reg/_177_/CLK (sky130_fd_sc_hd__dfrtp_1)
   0.3466    0.3466 ^ ex_mem_reg/_177_/Q (sky130_fd_sc_hd__dfrtp_1)
   0.0000    0.3466 ^ mem_wb_reg/_057_/D (sky130_fd_sc_hd__dfrtp_1)
             0.3466   data arrival time

   0.0000    0.0000   clock clk (rise edge)
   0.0000    0.0000   clock network delay (ideal)
   0.0000    0.0000   clock reconvergence pessimism
             0.0000 ^ mem_wb_reg/_057_/CLK (sky130_fd_sc_hd__dfrtp_1)
  -0.0303   -0.0303   library hold time
            -0.0303   data required time
-------------------------------------------------------------
            -0.0303   data required time
            -0.3466   data arrival time
-------------------------------------------------------------
             0.3769   slack (MET)


Startpoint: ex_mem_reg/_178_ (rising edge-triggered flip-flop clocked by clk)
Endpoint: mem_wb_reg/_058_ (rising edge-triggered flip-flop clocked by clk)
Path Group: clk
Path Type: min

    Delay      Time   Description
-------------------------------------------------------------
   0.0000    0.0000   clock clk (rise edge)
   0.0000    0.0000   clock network delay (ideal)
   0.0000    0.0000 ^ ex_mem_reg/_178_/CLK (sky130_fd_sc_hd__dfrtp_1)
   0.3466    0.3466 ^ ex_mem_reg/_178_/Q (sky130_fd_sc_hd__dfrtp_1)
   0.0000    0.3466 ^ mem_wb_reg/_058_/D (sky130_fd_sc_hd__dfrtp_1)
             0.3466   data arrival time

   0.0000    0.0000   clock clk (rise edge)
   0.0000    0.0000   clock network delay (ideal)
   0.0000    0.0000   clock reconvergence pessimism
             0.0000 ^ mem_wb_reg/_058_/CLK (sky130_fd_sc_hd__dfrtp_1)
  -0.0303   -0.0303   library hold time
            -0.0303   data required time
-------------------------------------------------------------
            -0.0303   data required time
            -0.3466   data arrival time
-------------------------------------------------------------
             0.3769   slack (MET)


Startpoint: ex_mem_reg/_179_ (rising edge-triggered flip-flop clocked by clk)
Endpoint: mem_wb_reg/_059_ (rising edge-triggered flip-flop clocked by clk)
Path Group: clk
Path Type: min

    Delay      Time   Description
-------------------------------------------------------------
   0.0000    0.0000   clock clk (rise edge)
   0.0000    0.0000   clock network delay (ideal)
   0.0000    0.0000 ^ ex_mem_reg/_179_/CLK (sky130_fd_sc_hd__dfrtp_1)
   0.3466    0.3466 ^ ex_mem_reg/_179_/Q (sky130_fd_sc_hd__dfrtp_1)
   0.0000    0.3466 ^ mem_wb_reg/_059_/D (sky130_fd_sc_hd__dfrtp_1)
             0.3466   data arrival time

   0.0000    0.0000   clock clk (rise edge)
   0.0000    0.0000   clock network delay (ideal)
   0.0000    0.0000   clock reconvergence pessimism
             0.0000 ^ mem_wb_reg/_059_/CLK (sky130_fd_sc_hd__dfrtp_1)
  -0.0303   -0.0303   library hold time
            -0.0303   data required time
-------------------------------------------------------------
            -0.0303   data required time
            -0.3466   data arrival time
-------------------------------------------------------------
             0.3769   slack (MET)


Startpoint: ex_mem_reg/_180_ (rising edge-triggered flip-flop clocked by clk)
Endpoint: mem_wb_reg/_060_ (rising edge-triggered flip-flop clocked by clk)
Path Group: clk
Path Type: min

    Delay      Time   Description
-------------------------------------------------------------
   0.0000    0.0000   clock clk (rise edge)
   0.0000    0.0000   clock network delay (ideal)
   0.0000    0.0000 ^ ex_mem_reg/_180_/CLK (sky130_fd_sc_hd__dfrtp_1)
   0.3466    0.3466 ^ ex_mem_reg/_180_/Q (sky130_fd_sc_hd__dfrtp_1)
   0.0000    0.3466 ^ mem_wb_reg/_060_/D (sky130_fd_sc_hd__dfrtp_1)
             0.3466   data arrival time

   0.0000    0.0000   clock clk (rise edge)
   0.0000    0.0000   clock network delay (ideal)
   0.0000    0.0000   clock reconvergence pessimism
             0.0000 ^ mem_wb_reg/_060_/CLK (sky130_fd_sc_hd__dfrtp_1)
  -0.0303   -0.0303   library hold time
            -0.0303   data required time
-------------------------------------------------------------
            -0.0303   data required time
            -0.3466   data arrival time
-------------------------------------------------------------
             0.3769   slack (MET)


