Startpoint: ex_mem_reg/_121_ (rising edge-triggered flip-flop clocked by clk)
Endpoint: mem_wb_reg/_001_ (rising edge-triggered flip-flop clocked by clk)
Path Group: clk
Path Type: min

    Delay      Time   Description
-------------------------------------------------------------
   0.0000    0.0000   clock clk (rise edge)
   0.0000    0.0000   clock network delay (ideal)
   0.0000    0.0000 ^ ex_mem_reg/_121_/CLK (sky130_fd_sc_hd__dfrtp_1)
   0.3397    0.3397 ^ ex_mem_reg/_121_/Q (sky130_fd_sc_hd__dfrtp_1)
   0.0000    0.3397 ^ mem_wb_reg/_001_/D (sky130_fd_sc_hd__dfrtp_1)
             0.3397   data arrival time

   0.0000    0.0000   clock clk (rise edge)
   0.0000    0.0000   clock network delay (ideal)
   0.0000    0.0000   clock reconvergence pessimism
             0.0000 ^ mem_wb_reg/_001_/CLK (sky130_fd_sc_hd__dfrtp_1)
  -0.0287   -0.0287   library hold time
            -0.0287   data required time
-------------------------------------------------------------
            -0.0287   data required time
            -0.3397   data arrival time
-------------------------------------------------------------
             0.3684   slack (MET)


Startpoint: ex_mem_reg/_125_ (rising edge-triggered flip-flop clocked by clk)
Endpoint: mem_wb_reg/_005_ (rising edge-triggered flip-flop clocked by clk)
Path Group: clk
Path Type: min

    Delay      Time   Description
-------------------------------------------------------------
   0.0000    0.0000   clock clk (rise edge)
   0.0000    0.0000   clock network delay (ideal)
   0.0000    0.0000 ^ ex_mem_reg/_125_/CLK (sky130_fd_sc_hd__dfrtp_1)
   0.3459    0.3459 ^ ex_mem_reg/_125_/Q (sky130_fd_sc_hd__dfrtp_1)
   0.0000    0.3459 ^ mem_wb_reg/_005_/D (sky130_fd_sc_hd__dfrtp_1)
             0.3459   data arrival time

   0.0000    0.0000   clock clk (rise edge)
   0.0000    0.0000   clock network delay (ideal)
   0.0000    0.0000   clock reconvergence pessimism
             0.0000 ^ mem_wb_reg/_005_/CLK (sky130_fd_sc_hd__dfrtp_1)
  -0.0301   -0.0301   library hold time
            -0.0301   data required time
-------------------------------------------------------------
            -0.0301   data required time
            -0.3459   data arrival time
-------------------------------------------------------------
             0.3760   slack (MET)


Startpoint: ex_mem_reg/_126_ (rising edge-triggered flip-flop clocked by clk)
Endpoint: mem_wb_reg/_006_ (rising edge-triggered flip-flop clocked by clk)
Path Group: clk
Path Type: min

    Delay      Time   Description
-------------------------------------------------------------
   0.0000    0.0000   clock clk (rise edge)
   0.0000    0.0000   clock network delay (ideal)
   0.0000    0.0000 ^ ex_mem_reg/_126_/CLK (sky130_fd_sc_hd__dfrtp_1)
   0.3459    0.3459 ^ ex_mem_reg/_126_/Q (sky130_fd_sc_hd__dfrtp_1)
   0.0000    0.3459 ^ mem_wb_reg/_006_/D (sky130_fd_sc_hd__dfrtp_1)
             0.3459   data arrival time

   0.0000    0.0000   clock clk (rise edge)
   0.0000    0.0000   clock network delay (ideal)
   0.0000    0.0000   clock reconvergence pessimism
             0.0000 ^ mem_wb_reg/_006_/CLK (sky130_fd_sc_hd__dfrtp_1)
  -0.0301   -0.0301   library hold time
            -0.0301   data required time
-------------------------------------------------------------
            -0.0301   data required time
            -0.3459   data arrival time
-------------------------------------------------------------
             0.3760   slack (MET)


Startpoint: ex_mem_reg/_127_ (rising edge-triggered flip-flop clocked by clk)
Endpoint: mem_wb_reg/_007_ (rising edge-triggered flip-flop clocked by clk)
Path Group: clk
Path Type: min

    Delay      Time   Description
-------------------------------------------------------------
   0.0000    0.0000   clock clk (rise edge)
   0.0000    0.0000   clock network delay (ideal)
   0.0000    0.0000 ^ ex_mem_reg/_127_/CLK (sky130_fd_sc_hd__dfrtp_1)
   0.3459    0.3459 ^ ex_mem_reg/_127_/Q (sky130_fd_sc_hd__dfrtp_1)
   0.0000    0.3459 ^ mem_wb_reg/_007_/D (sky130_fd_sc_hd__dfrtp_1)
             0.3459   data arrival time

   0.0000    0.0000   clock clk (rise edge)
   0.0000    0.0000   clock network delay (ideal)
   0.0000    0.0000   clock reconvergence pessimism
             0.0000 ^ mem_wb_reg/_007_/CLK (sky130_fd_sc_hd__dfrtp_1)
  -0.0301   -0.0301   library hold time
            -0.0301   data required time
-------------------------------------------------------------
            -0.0301   data required time
            -0.3459   data arrival time
-------------------------------------------------------------
             0.3760   slack (MET)


Startpoint: ex_mem_reg/_129_ (rising edge-triggered flip-flop clocked by clk)
Endpoint: mem_wb_reg/_009_ (rising edge-triggered flip-flop clocked by clk)
Path Group: clk
Path Type: min

    Delay      Time   Description
-------------------------------------------------------------
   0.0000    0.0000   clock clk (rise edge)
   0.0000    0.0000   clock network delay (ideal)
   0.0000    0.0000 ^ ex_mem_reg/_129_/CLK (sky130_fd_sc_hd__dfrtp_1)
   0.3459    0.3459 ^ ex_mem_reg/_129_/Q (sky130_fd_sc_hd__dfrtp_1)
   0.0000    0.3459 ^ mem_wb_reg/_009_/D (sky130_fd_sc_hd__dfrtp_1)
             0.3459   data arrival time

   0.0000    0.0000   clock clk (rise edge)
   0.0000    0.0000   clock network delay (ideal)
   0.0000    0.0000   clock reconvergence pessimism
             0.0000 ^ mem_wb_reg/_009_/CLK (sky130_fd_sc_hd__dfrtp_1)
  -0.0301   -0.0301   library hold time
            -0.0301   data required time
-------------------------------------------------------------
            -0.0301   data required time
            -0.3459   data arrival time
-------------------------------------------------------------
             0.3760   slack (MET)


Startpoint: ex_mem_reg/_130_ (rising edge-triggered flip-flop clocked by clk)
Endpoint: mem_wb_reg/_010_ (rising edge-triggered flip-flop clocked by clk)
Path Group: clk
Path Type: min

    Delay      Time   Description
-------------------------------------------------------------
   0.0000    0.0000   clock clk (rise edge)
   0.0000    0.0000   clock network delay (ideal)
   0.0000    0.0000 ^ ex_mem_reg/_130_/CLK (sky130_fd_sc_hd__dfrtp_1)
   0.3459    0.3459 ^ ex_mem_reg/_130_/Q (sky130_fd_sc_hd__dfrtp_1)
   0.0000    0.3459 ^ mem_wb_reg/_010_/D (sky130_fd_sc_hd__dfrtp_1)
             0.3459   data arrival time

   0.0000    0.0000   clock clk (rise edge)
   0.0000    0.0000   clock network delay (ideal)
   0.0000    0.0000   clock reconvergence pessimism
             0.0000 ^ mem_wb_reg/_010_/CLK (sky130_fd_sc_hd__dfrtp_1)
  -0.0301   -0.0301   library hold time
            -0.0301   data required time
-------------------------------------------------------------
            -0.0301   data required time
            -0.3459   data arrival time
-------------------------------------------------------------
             0.3760   slack (MET)


Startpoint: ex_mem_reg/_131_ (rising edge-triggered flip-flop clocked by clk)
Endpoint: mem_wb_reg/_011_ (rising edge-triggered flip-flop clocked by clk)
Path Group: clk
Path Type: min

    Delay      Time   Description
-------------------------------------------------------------
   0.0000    0.0000   clock clk (rise edge)
   0.0000    0.0000   clock network delay (ideal)
   0.0000    0.0000 ^ ex_mem_reg/_131_/CLK (sky130_fd_sc_hd__dfrtp_1)
   0.3459    0.3459 ^ ex_mem_reg/_131_/Q (sky130_fd_sc_hd__dfrtp_1)
   0.0000    0.3459 ^ mem_wb_reg/_011_/D (sky130_fd_sc_hd__dfrtp_1)
             0.3459   data arrival time

   0.0000    0.0000   clock clk (rise edge)
   0.0000    0.0000   clock network delay (ideal)
   0.0000    0.0000   clock reconvergence pessimism
             0.0000 ^ mem_wb_reg/_011_/CLK (sky130_fd_sc_hd__dfrtp_1)
  -0.0301   -0.0301   library hold time
            -0.0301   data required time
-------------------------------------------------------------
            -0.0301   data required time
            -0.3459   data arrival time
-------------------------------------------------------------
             0.3760   slack (MET)


Startpoint: ex_mem_reg/_132_ (rising edge-triggered flip-flop clocked by clk)
Endpoint: mem_wb_reg/_012_ (rising edge-triggered flip-flop clocked by clk)
Path Group: clk
Path Type: min

    Delay      Time   Description
-------------------------------------------------------------
   0.0000    0.0000   clock clk (rise edge)
   0.0000    0.0000   clock network delay (ideal)
   0.0000    0.0000 ^ ex_mem_reg/_132_/CLK (sky130_fd_sc_hd__dfrtp_1)
   0.3459    0.3459 ^ ex_mem_reg/_132_/Q (sky130_fd_sc_hd__dfrtp_1)
   0.0000    0.3459 ^ mem_wb_reg/_012_/D (sky130_fd_sc_hd__dfrtp_1)
             0.3459   data arrival time

   0.0000    0.0000   clock clk (rise edge)
   0.0000    0.0000   clock network delay (ideal)
   0.0000    0.0000   clock reconvergence pessimism
             0.0000 ^ mem_wb_reg/_012_/CLK (sky130_fd_sc_hd__dfrtp_1)
  -0.0301   -0.0301   library hold time
            -0.0301   data required time
-------------------------------------------------------------
            -0.0301   data required time
            -0.3459   data arrival time
-------------------------------------------------------------
             0.3760   slack (MET)


Startpoint: ex_mem_reg/_133_ (rising edge-triggered flip-flop clocked by clk)
Endpoint: mem_wb_reg/_013_ (rising edge-triggered flip-flop clocked by clk)
Path Group: clk
Path Type: min

    Delay      Time   Description
-------------------------------------------------------------
   0.0000    0.0000   clock clk (rise edge)
   0.0000    0.0000   clock network delay (ideal)
   0.0000    0.0000 ^ ex_mem_reg/_133_/CLK (sky130_fd_sc_hd__dfrtp_1)
   0.3459    0.3459 ^ ex_mem_reg/_133_/Q (sky130_fd_sc_hd__dfrtp_1)
   0.0000    0.3459 ^ mem_wb_reg/_013_/D (sky130_fd_sc_hd__dfrtp_1)
             0.3459   data arrival time

   0.0000    0.0000   clock clk (rise edge)
   0.0000    0.0000   clock network delay (ideal)
   0.0000    0.0000   clock reconvergence pessimism
             0.0000 ^ mem_wb_reg/_013_/CLK (sky130_fd_sc_hd__dfrtp_1)
  -0.0301   -0.0301   library hold time
            -0.0301   data required time
-------------------------------------------------------------
            -0.0301   data required time
            -0.3459   data arrival time
-------------------------------------------------------------
             0.3760   slack (MET)


Startpoint: ex_mem_reg/_135_ (rising edge-triggered flip-flop clocked by clk)
Endpoint: mem_wb_reg/_015_ (rising edge-triggered flip-flop clocked by clk)
Path Group: clk
Path Type: min

    Delay      Time   Description
-------------------------------------------------------------
   0.0000    0.0000   clock clk (rise edge)
   0.0000    0.0000   clock network delay (ideal)
   0.0000    0.0000 ^ ex_mem_reg/_135_/CLK (sky130_fd_sc_hd__dfrtp_1)
   0.3459    0.3459 ^ ex_mem_reg/_135_/Q (sky130_fd_sc_hd__dfrtp_1)
   0.0000    0.3459 ^ mem_wb_reg/_015_/D (sky130_fd_sc_hd__dfrtp_1)
             0.3459   data arrival time

   0.0000    0.0000   clock clk (rise edge)
   0.0000    0.0000   clock network delay (ideal)
   0.0000    0.0000   clock reconvergence pessimism
             0.0000 ^ mem_wb_reg/_015_/CLK (sky130_fd_sc_hd__dfrtp_1)
  -0.0301   -0.0301   library hold time
            -0.0301   data required time
-------------------------------------------------------------
            -0.0301   data required time
            -0.3459   data arrival time
-------------------------------------------------------------
             0.3760   slack (MET)


Startpoint: ex_mem_reg/_136_ (rising edge-triggered flip-flop clocked by clk)
Endpoint: mem_wb_reg/_016_ (rising edge-triggered flip-flop clocked by clk)
Path Group: clk
Path Type: min

    Delay      Time   Description
-------------------------------------------------------------
   0.0000    0.0000   clock clk (rise edge)
   0.0000    0.0000   clock network delay (ideal)
   0.0000    0.0000 ^ ex_mem_reg/_136_/CLK (sky130_fd_sc_hd__dfrtp_1)
   0.3459    0.3459 ^ ex_mem_reg/_136_/Q (sky130_fd_sc_hd__dfrtp_1)
   0.0000    0.3459 ^ mem_wb_reg/_016_/D (sky130_fd_sc_hd__dfrtp_1)
             0.3459   data arrival time

   0.0000    0.0000   clock clk (rise edge)
   0.0000    0.0000   clock network delay (ideal)
   0.0000    0.0000   clock reconvergence pessimism
             0.0000 ^ mem_wb_reg/_016_/CLK (sky130_fd_sc_hd__dfrtp_1)
  -0.0301   -0.0301   library hold time
            -0.0301   data required time
-------------------------------------------------------------
            -0.0301   data required time
            -0.3459   data arrival time
-------------------------------------------------------------
             0.3760   slack (MET)


Startpoint: ex_mem_reg/_137_ (rising edge-triggered flip-flop clocked by clk)
Endpoint: mem_wb_reg/_017_ (rising edge-triggered flip-flop clocked by clk)
Path Group: clk
Path Type: min

    Delay      Time   Description
-------------------------------------------------------------
   0.0000    0.0000   clock clk (rise edge)
   0.0000    0.0000   clock network delay (ideal)
   0.0000    0.0000 ^ ex_mem_reg/_137_/CLK (sky130_fd_sc_hd__dfrtp_1)
   0.3459    0.3459 ^ ex_mem_reg/_137_/Q (sky130_fd_sc_hd__dfrtp_1)
   0.0000    0.3459 ^ mem_wb_reg/_017_/D (sky130_fd_sc_hd__dfrtp_1)
             0.3459   data arrival time

   0.0000    0.0000   clock clk (rise edge)
   0.0000    0.0000   clock network delay (ideal)
   0.0000    0.0000   clock reconvergence pessimism
             0.0000 ^ mem_wb_reg/_017_/CLK (sky130_fd_sc_hd__dfrtp_1)
  -0.0301   -0.0301   library hold time
            -0.0301   data required time
-------------------------------------------------------------
            -0.0301   data required time
            -0.3459   data arrival time
-------------------------------------------------------------
             0.3760   slack (MET)


Startpoint: ex_mem_reg/_138_ (rising edge-triggered flip-flop clocked by clk)
Endpoint: mem_wb_reg/_018_ (rising edge-triggered flip-flop clocked by clk)
Path Group: clk
Path Type: min

    Delay      Time   Description
-------------------------------------------------------------
   0.0000    0.0000   clock clk (rise edge)
   0.0000    0.0000   clock network delay (ideal)
   0.0000    0.0000 ^ ex_mem_reg/_138_/CLK (sky130_fd_sc_hd__dfrtp_1)
   0.3459    0.3459 ^ ex_mem_reg/_138_/Q (sky130_fd_sc_hd__dfrtp_1)
   0.0000    0.3459 ^ mem_wb_reg/_018_/D (sky130_fd_sc_hd__dfrtp_1)
             0.3459   data arrival time

   0.0000    0.0000   clock clk (rise edge)
   0.0000    0.0000   clock network delay (ideal)
   0.0000    0.0000   clock reconvergence pessimism
             0.0000 ^ mem_wb_reg/_018_/CLK (sky130_fd_sc_hd__dfrtp_1)
  -0.0301   -0.0301   library hold time
            -0.0301   data required time
-------------------------------------------------------------
            -0.0301   data required time
            -0.3459   data arrival time
-------------------------------------------------------------
             0.3760   slack (MET)


Startpoint: ex_mem_reg/_139_ (rising edge-triggered flip-flop clocked by clk)
Endpoint: mem_wb_reg/_019_ (rising edge-triggered flip-flop clocked by clk)
Path Group: clk
Path Type: min

    Delay      Time   Description
-------------------------------------------------------------
   0.0000    0.0000   clock clk (rise edge)
   0.0000    0.0000   clock network delay (ideal)
   0.0000    0.0000 ^ ex_mem_reg/_139_/CLK (sky130_fd_sc_hd__dfrtp_1)
   0.3459    0.3459 ^ ex_mem_reg/_139_/Q (sky130_fd_sc_hd__dfrtp_1)
   0.0000    0.3459 ^ mem_wb_reg/_019_/D (sky130_fd_sc_hd__dfrtp_1)
             0.3459   data arrival time

   0.0000    0.0000   clock clk (rise edge)
   0.0000    0.0000   clock network delay (ideal)
   0.0000    0.0000   clock reconvergence pessimism
             0.0000 ^ mem_wb_reg/_019_/CLK (sky130_fd_sc_hd__dfrtp_1)
  -0.0301   -0.0301   library hold time
            -0.0301   data required time
-------------------------------------------------------------
            -0.0301   data required time
            -0.3459   data arrival time
-------------------------------------------------------------
             0.3760   slack (MET)


Startpoint: ex_mem_reg/_140_ (rising edge-triggered flip-flop clocked by clk)
Endpoint: mem_wb_reg/_020_ (rising edge-triggered flip-flop clocked by clk)
Path Group: clk
Path Type: min

    Delay      Time   Description
-------------------------------------------------------------
   0.0000    0.0000   clock clk (rise edge)
   0.0000    0.0000   clock network delay (ideal)
   0.0000    0.0000 ^ ex_mem_reg/_140_/CLK (sky130_fd_sc_hd__dfrtp_1)
   0.3459    0.3459 ^ ex_mem_reg/_140_/Q (sky130_fd_sc_hd__dfrtp_1)
   0.0000    0.3459 ^ mem_wb_reg/_020_/D (sky130_fd_sc_hd__dfrtp_1)
             0.3459   data arrival time

   0.0000    0.0000   clock clk (rise edge)
   0.0000    0.0000   clock network delay (ideal)
   0.0000    0.0000   clock reconvergence pessimism
             0.0000 ^ mem_wb_reg/_020_/CLK (sky130_fd_sc_hd__dfrtp_1)
  -0.0301   -0.0301   library hold time
            -0.0301   data required time
-------------------------------------------------------------
            -0.0301   data required time
            -0.3459   data arrival time
-------------------------------------------------------------
             0.3760   slack (MET)


Startpoint: ex_mem_reg/_141_ (rising edge-triggered flip-flop clocked by clk)
Endpoint: mem_wb_reg/_021_ (rising edge-triggered flip-flop clocked by clk)
Path Group: clk
Path Type: min

    Delay      Time   Description
-------------------------------------------------------------
   0.0000    0.0000   clock clk (rise edge)
   0.0000    0.0000   clock network delay (ideal)
   0.0000    0.0000 ^ ex_mem_reg/_141_/CLK (sky130_fd_sc_hd__dfrtp_1)
   0.3459    0.3459 ^ ex_mem_reg/_141_/Q (sky130_fd_sc_hd__dfrtp_1)
   0.0000    0.3459 ^ mem_wb_reg/_021_/D (sky130_fd_sc_hd__dfrtp_1)
             0.3459   data arrival time

   0.0000    0.0000   clock clk (rise edge)
   0.0000    0.0000   clock network delay (ideal)
   0.0000    0.0000   clock reconvergence pessimism
             0.0000 ^ mem_wb_reg/_021_/CLK (sky130_fd_sc_hd__dfrtp_1)
  -0.0301   -0.0301   library hold time
            -0.0301   data required time
-------------------------------------------------------------
            -0.0301   data required time
            -0.3459   data arrival time
-------------------------------------------------------------
             0.3760   slack (MET)


Startpoint: ex_mem_reg/_143_ (rising edge-triggered flip-flop clocked by clk)
Endpoint: mem_wb_reg/_023_ (rising edge-triggered flip-flop clocked by clk)
Path Group: clk
Path Type: min

    Delay      Time   Description
-------------------------------------------------------------
   0.0000    0.0000   clock clk (rise edge)
   0.0000    0.0000   clock network delay (ideal)
   0.0000    0.0000 ^ ex_mem_reg/_143_/CLK (sky130_fd_sc_hd__dfrtp_1)
   0.3459    0.3459 ^ ex_mem_reg/_143_/Q (sky130_fd_sc_hd__dfrtp_1)
   0.0000    0.3459 ^ mem_wb_reg/_023_/D (sky130_fd_sc_hd__dfrtp_1)
             0.3459   data arrival time

   0.0000    0.0000   clock clk (rise edge)
   0.0000    0.0000   clock network delay (ideal)
   0.0000    0.0000   clock reconvergence pessimism
             0.0000 ^ mem_wb_reg/_023_/CLK (sky130_fd_sc_hd__dfrtp_1)
  -0.0301   -0.0301   library hold time
            -0.0301   data required time
-------------------------------------------------------------
            -0.0301   data required time
            -0.3459   data arrival time
-------------------------------------------------------------
             0.3760   slack (MET)


Startpoint: ex_mem_reg/_144_ (rising edge-triggered flip-flop clocked by clk)
Endpoint: mem_wb_reg/_024_ (rising edge-triggered flip-flop clocked by clk)
Path Group: clk
Path Type: min

    Delay      Time   Description
-------------------------------------------------------------
   0.0000    0.0000   clock clk (rise edge)
   0.0000    0.0000   clock network delay (ideal)
   0.0000    0.0000 ^ ex_mem_reg/_144_/CLK (sky130_fd_sc_hd__dfrtp_1)
   0.3459    0.3459 ^ ex_mem_reg/_144_/Q (sky130_fd_sc_hd__dfrtp_1)
   0.0000    0.3459 ^ mem_wb_reg/_024_/D (sky130_fd_sc_hd__dfrtp_1)
             0.3459   data arrival time

   0.0000    0.0000   clock clk (rise edge)
   0.0000    0.0000   clock network delay (ideal)
   0.0000    0.0000   clock reconvergence pessimism
             0.0000 ^ mem_wb_reg/_024_/CLK (sky130_fd_sc_hd__dfrtp_1)
  -0.0301   -0.0301   library hold time
            -0.0301   data required time
-------------------------------------------------------------
            -0.0301   data required time
            -0.3459   data arrival time
-------------------------------------------------------------
             0.3760   slack (MET)


Startpoint: ex_mem_reg/_145_ (rising edge-triggered flip-flop clocked by clk)
Endpoint: mem_wb_reg/_025_ (rising edge-triggered flip-flop clocked by clk)
Path Group: clk
Path Type: min

    Delay      Time   Description
-------------------------------------------------------------
   0.0000    0.0000   clock clk (rise edge)
   0.0000    0.0000   clock network delay (ideal)
   0.0000    0.0000 ^ ex_mem_reg/_145_/CLK (sky130_fd_sc_hd__dfrtp_1)
   0.3459    0.3459 ^ ex_mem_reg/_145_/Q (sky130_fd_sc_hd__dfrtp_1)
   0.0000    0.3459 ^ mem_wb_reg/_025_/D (sky130_fd_sc_hd__dfrtp_1)
             0.3459   data arrival time

   0.0000    0.0000   clock clk (rise edge)
   0.0000    0.0000   clock network delay (ideal)
   0.0000    0.0000   clock reconvergence pessimism
             0.0000 ^ mem_wb_reg/_025_/CLK (sky130_fd_sc_hd__dfrtp_1)
  -0.0301   -0.0301   library hold time
            -0.0301   data required time
-------------------------------------------------------------
            -0.0301   data required time
            -0.3459   data arrival time
-------------------------------------------------------------
             0.3760   slack (MET)


Startpoint: ex_mem_reg/_146_ (rising edge-triggered flip-flop clocked by clk)
Endpoint: mem_wb_reg/_026_ (rising edge-triggered flip-flop clocked by clk)
Path Group: clk
Path Type: min

    Delay      Time   Description
-------------------------------------------------------------
   0.0000    0.0000   clock clk (rise edge)
   0.0000    0.0000   clock network delay (ideal)
   0.0000    0.0000 ^ ex_mem_reg/_146_/CLK (sky130_fd_sc_hd__dfrtp_1)
   0.3459    0.3459 ^ ex_mem_reg/_146_/Q (sky130_fd_sc_hd__dfrtp_1)
   0.0000    0.3459 ^ mem_wb_reg/_026_/D (sky130_fd_sc_hd__dfrtp_1)
             0.3459   data arrival time

   0.0000    0.0000   clock clk (rise edge)
   0.0000    0.0000   clock network delay (ideal)
   0.0000    0.0000   clock reconvergence pessimism
             0.0000 ^ mem_wb_reg/_026_/CLK (sky130_fd_sc_hd__dfrtp_1)
  -0.0301   -0.0301   library hold time
            -0.0301   data required time
-------------------------------------------------------------
            -0.0301   data required time
            -0.3459   data arrival time
-------------------------------------------------------------
             0.3760   slack (MET)


